BL51 BANKED LINKER/LOCATER V6.22.4.0                                                    12/22/2023  09:21:58  PAGE 1


BL51 BANKED LINKER/LOCATER V6.22.4.0, INVOKED BY:
C:\KEIL_V5\C51\BIN\BL51.EXE .\Objects\STARTUP.obj, .\Objects\main.obj, .\Objects\init_device.obj, .\Objects\LCD12864.obj
>> , .\Objects\keyboard.obj, .\Objects\time.obj, .\Objects\display.obj, .\Objects\guessing_game.obj, .\Objects\picture.o
>> bj, C:\Keil_v5\C51\LIB\C51BS.LIB TO .\Objects\猜数游戏 PRINT (.\Listings\猜数游戏.m51) RAMSIZE (256)


INPUT MODULES INCLUDED:
  .\Objects\STARTUP.obj (?C_STARTUP)
  .\Objects\main.obj (MAIN)
  .\Objects\init_device.obj (INIT_DEVICE)
  .\Objects\LCD12864.obj (LCD12864)
  .\Objects\keyboard.obj (KEYBOARD)
  .\Objects\time.obj (TIME)
  .\Objects\display.obj (DISPLAY)
  .\Objects\guessing_game.obj (GUESSING_GAME)
  .\Objects\picture.obj (PICTURE)
  C:\Keil_v5\C51\LIB\C51BS.LIB (?C_INIT)
  C:\Keil_v5\C51\LIB\C51BS.LIB (?C?COPY)
  C:\Keil_v5\C51\LIB\C51BS.LIB (?C?CLDPTR)
  C:\Keil_v5\C51\LIB\C51BS.LIB (?C?SIDIV)
  C:\Keil_v5\C51\LIB\C51BS.LIB (?C?LMUL)
  C:\Keil_v5\C51\LIB\C51BS.LIB (?C?ULCMP)
  C:\Keil_v5\C51\LIB\C51BS.LIB (?C?CCASE)
  C:\Keil_v5\C51\LIB\C51BS.LIB (RAND)
  C:\Keil_v5\C51\LIB\C51BS.LIB (?C?CSTPTR)
  C:\Keil_v5\C51\LIB\C51BS.LIB (?C?UIDIV)


LINK MAP OF MODULE:  .\Objects\猜数游戏 (?C_STARTUP)


            TYPE    BASE      LENGTH    RELOCATION   SEGMENT NAME
            -----------------------------------------------------

            * * * * * * *   D A T A   M E M O R Y   * * * * * * *
            REG     0000H     0008H     ABSOLUTE     "REG BANK 0"
            DATA    0008H     000CH     UNIT         ?DT?INPUT_DISPLAY_TIME?KEYBOARD
            DATA    0014H     0008H     UNIT         ?DT?_DELAY_MS?TIME
            DATA    001CH     0004H     UNIT         ?DT?MAIN
            BIT     0020H.0   0000H.2   UNIT         ?BI?GUESS_ONCE?GUESSING_GAME
            BIT     0020H.2   0000H.2   UNIT         ?BI?GUESS_ONE_LEVEL?GUESSING_GAME
            BIT     0020H.4   0000H.1   UNIT         ?BI?INPUT_DIGITS?KEYBOARD
            BIT     0020H.5   0000H.1   UNIT         ?BI?INPUT_BITS?KEYBOARD
            BIT     0020H.6   0000H.1   UNIT         ?BI?INPUT_DISPLAY_TIME?KEYBOARD
            BIT     0020H.7   0000H.1   UNIT         ?BI?WAIT_INPUT?KEYBOARD
            DATA    0021H     0006H     UNIT         ?DT?_DRAW_PM?LCD12864
            DATA    0027H     0004H     UNIT         ?DT?INPUT_BITS?KEYBOARD
            DATA    002BH     0004H     UNIT         ?DT?RAND?RAND
            DATA    002FH     0003H     UNIT         ?DT?_PRINT?LCD12864
            DATA    0032H     0003H     UNIT         ?DT?_DISPLAY_PICTURE?DISPLAY
            DATA    0035H     0003H     UNIT         ?DT?GUESSING_GAME
            DATA    0038H     0002H     UNIT         ?DT?KSCAN?KEYBOARD
            DATA    003AH     0002H     UNIT         ?DT?INPUT_DIGITS?KEYBOARD
            DATA    003CH     0002H     UNIT         ?DT?PRINT_ACKNOWLEDGEMENT?DISPLAY
            DATA    003EH     0002H     UNIT         ?DT?DISPLAY_RANDOM_DIGITS?DISPLAY
            DATA    0040H     0002H     UNIT         ?DT?MODE1?GUESSING_GAME
            DATA    0042H     0001H     UNIT         ?DT?_SET_XY?LCD12864
            DATA    0043H     0001H     UNIT         ?DT?_PRINT_CHAR?LCD12864
BL51 BANKED LINKER/LOCATER V6.22.4.0                                                  12/22/2023  09:21:58  PAGE 2


            DATA    0044H     0001H     UNIT         ?DT?GUESS_ONCE?GUESSING_GAME
            IDATA   0045H     0001H     UNIT         ?STACK

            * * * * * * *  X D A T A   M E M O R Y  * * * * * * *
            XDATA   0000H     005EH     UNIT         ?XD?GUESSING_GAME
            XDATA   005EH     0040H     UNIT         ?XD?KEYBOARD

            * * * * * * *   C O D E   M E M O R Y   * * * * * * *
            CODE    0000H     0003H     ABSOLUTE     
            CODE    0003H     0007H     UNIT         ?PR?INTERRUPTS_INIT?INIT_DEVICE
                    000AH     0001H                  *** GAP ***
            CODE    000BH     0003H     ABSOLUTE     
            CODE    000EH     1400H     UNIT         ?CO?PICTURE
            CODE    140EH     02BCH     UNIT         ?CO?DISPLAY
            CODE    16CAH     0268H     UNIT         ?C?LIB_CODE
            CODE    1932H     016DH     UNIT         ?PR?INPUT_DISPLAY_TIME?KEYBOARD
            CODE    1A9FH     010CH     UNIT         ?PR?INPUT_BITS?KEYBOARD
            CODE    1BABH     00F2H     UNIT         ?PR?INPUT_DIGITS?KEYBOARD
            CODE    1C9DH     00D9H     UNIT         ?PR?KSCAN?KEYBOARD
            CODE    1D76H     00BAH     UNIT         ?C_INITSEG
            CODE    1E30H     00B6H     UNIT         ?C_C51STARTUP
            CODE    1EE6H     0093H     UNIT         ?PR?PRINT_ACKNOWLEDGEMENT?DISPLAY
            CODE    1F79H     0083H     UNIT         ?PR?DISPLAY_RANDOM_DIGITS?DISPLAY
            CODE    1FFCH     0081H     UNIT         ?PR?_DRAW_PM?LCD12864
            CODE    207DH     0053H     UNIT         ?PR?MODE1?GUESSING_GAME
            CODE    20D0H     004DH     UNIT         ?PR?RAND?RAND
            CODE    211DH     0041H     UNIT         ?PR?GUESS_ONE_LEVEL?GUESSING_GAME
            CODE    215EH     0040H     UNIT         ?PR?LCD_INIT?LCD12864
            CODE    219EH     003BH     UNIT         ?PR?GUESS_ONCE?GUESSING_GAME
            CODE    21D9H     0038H     UNIT         ?PR?_DELAY_MS?TIME
            CODE    2211H     0037H     UNIT         ?PR?DISPLAY_MAIN_MENU?DISPLAY
            CODE    2248H     0037H     UNIT         ?PR?DISPLAY_MODE_SELECT?DISPLAY
            CODE    227FH     0037H     UNIT         ?PR?DISPLAY_BITS_SELECT?DISPLAY
            CODE    22B6H     0037H     UNIT         ?PR?DISPLAY_TIME_SELECT?DISPLAY
            CODE    22EDH     0037H     UNIT         ?PR?DISPLAY_INPUT?DISPLAY
            CODE    2324H     0037H     UNIT         ?PR?DISPLAY_CORRECT?DISPLAY
            CODE    235BH     0037H     UNIT         ?PR?DISPLAY_ERROR?DISPLAY
            CODE    2392H     0037H     UNIT         ?PR?DISPLAY_WIN?DISPLAY
            CODE    23C9H     0037H     UNIT         ?PR?DISPLAY_LOSE?DISPLAY
            CODE    2400H     0037H     UNIT         ?PR?DISPLAY_WRONG_INPUT_BITS?DISPLAY
            CODE    2437H     0037H     UNIT         ?PR?DISPLAY_WRONG_INPUT_DISPLAY_TIME?DISPLAY
            CODE    246EH     0035H     UNIT         ?PR?MODE_SELECT?GUESSING_GAME
            CODE    24A3H     0033H     UNIT         ?PR?MODE3?GUESSING_GAME
            CODE    24D6H     002DH     UNIT         ?PR?_LCD_WDAT?LCD12864
            CODE    2503H     002CH     UNIT         ?PR?_SET_XY?LCD12864
            CODE    252FH     002BH     UNIT         ?PR?_PRINT?LCD12864
            CODE    255AH     002BH     UNIT         ?PR?DISPLAY_ACKNOWLEDGEMENT?DISPLAY
            CODE    2585H     002AH     UNIT         ?PR?DISPLAY_BEGIN_SELECT?DISPLAY
            CODE    25AFH     0029H     UNIT         ?PR?WAIT_INPUT?KEYBOARD
            CODE    25D8H     0029H     UNIT         ?PR?MAIN_MENU?GUESSING_GAME
            CODE    2601H     0028H     UNIT         ?PR?DISPLAY_STARTUP_LOGO?DISPLAY
            CODE    2629H     0027H     UNIT         ?PR?_LCD_WCMD?LCD12864
            CODE    2650H     0027H     UNIT         ?PR?CHECK_DIGITS?GUESSING_GAME
            CODE    2677H     0024H     UNIT         ?PR?T0I?MAIN
            CODE    269BH     0023H     UNIT         ?PR?GUSSING_GAME?GUESSING_GAME
            CODE    26BEH     001FH     UNIT         ?PR?MODE2?GUESSING_GAME
            CODE    26DDH     001DH     UNIT         ?PR?GAMES?GUESSING_GAME
BL51 BANKED LINKER/LOCATER V6.22.4.0                                                  12/22/2023  09:21:58  PAGE 3


            CODE    26FAH     001AH     UNIT         ?PR?INIT_DEVICE?INIT_DEVICE
            CODE    2714H     0015H     UNIT         ?PR?MAIN?MAIN
            CODE    2729H     0014H     UNIT         ?PR?F_OR_E?KEYBOARD
            CODE    273DH     0014H     UNIT         ?PR?DISPLAY_GUSSING_GAME?DISPLAY
            CODE    2751H     0012H     UNIT         ?PR?_DISPLAY_PICTURE?DISPLAY
            CODE    2763H     0011H     UNIT         ?CO?GUESSING_GAME
            CODE    2774H     0010H     UNIT         ?PR?TIMER_INIT?INIT_DEVICE
            CODE    2784H     000FH     UNIT         ?PR?WAIT_LCD_NOT_BUSY?LCD12864
            CODE    2793H     000EH     UNIT         ?PR?SET_LCD_READ_WRITE?LCD12864
            CODE    27A1H     000AH     UNIT         ?PR?PORT_IO_INIT?INIT_DEVICE
            CODE    27ABH     000AH     UNIT         ?PR?_PRINT_CHAR?LCD12864
            CODE    27B5H     0007H     UNIT         ?CO?KEYBOARD
            CODE    27BCH     0006H     UNIT         ?PR?WRONG_INPUT_BITS?KEYBOARD
            CODE    27C2H     0006H     UNIT         ?PR?WRONG_DISPLAY_TIME?KEYBOARD
            CODE    27C8H     0006H     UNIT         ?PR?CORRECT?GUESSING_GAME
            CODE    27CEH     0006H     UNIT         ?PR?ERROR?GUESSING_GAME
            CODE    27D4H     0006H     UNIT         ?PR?WIN?GUESSING_GAME
            CODE    27DAH     0006H     UNIT         ?PR?LOSE?GUESSING_GAME
            CODE    27E0H     0006H     UNIT         ?PR?BEGIN_SELECT?GUESSING_GAME
            CODE    27E6H     0005H     UNIT         ?PR?CLEAR?LCD12864
            CODE    27EBH     0003H     UNIT         ?PR?ACKNOWLEDGEMENT?GUESSING_GAME



UNRESOLVED EXTERNAL SYMBOLS:
   ?C?CLDXPTR
   ?C?CSTXPTR



SYMBOL TABLE OF MODULE:  .\Objects\猜数游戏 (?C_STARTUP)

  VALUE           TYPE          NAME
  ----------------------------------

  -------         MODULE        ?C_STARTUP
  C:1E30H         SEGMENT       ?C_C51STARTUP
  I:0045H         SEGMENT       ?STACK
  C:0000H         PUBLIC        ?C_STARTUP
  D:00E0H         SYMBOL        ACC
  D:00F0H         SYMBOL        B
  D:0083H         SYMBOL        DPH
  D:0082H         SYMBOL        DPL
  N:0000H         SYMBOL        IBPSTACK
  N:0100H         SYMBOL        IBPSTACKTOP
  N:0080H         SYMBOL        IDATALEN
  C:1E33H         SYMBOL        IDATALOOP
  N:0000H         SYMBOL        PBPSTACK
  N:0100H         SYMBOL        PBPSTACKTOP
  N:0000H         SYMBOL        PDATALEN
  N:0000H         SYMBOL        PDATASTART
  N:0000H         SYMBOL        PPAGE
  N:0000H         SYMBOL        PPAGEENABLE
  D:00A0H         SYMBOL        PPAGE_SFR
  D:0081H         SYMBOL        SP
  C:1E30H         SYMBOL        STARTUP1
  N:0000H         SYMBOL        XBPSTACK
BL51 BANKED LINKER/LOCATER V6.22.4.0                                                  12/22/2023  09:21:58  PAGE 4


  N:0000H         SYMBOL        XBPSTACKTOP
  N:0000H         SYMBOL        XDATALEN
  N:0000H         SYMBOL        XDATASTART
  C:0000H         LINE#         126
  C:1E30H         LINE#         133
  C:1E32H         LINE#         134
  C:1E33H         LINE#         135
  C:1E34H         LINE#         136
  C:1E36H         LINE#         185
  C:1E39H         LINE#         196
  -------         ENDMOD        ?C_STARTUP

  -------         MODULE        MAIN
  C:2714H         SEGMENT       ?PR?MAIN?MAIN
  C:2677H         SEGMENT       ?PR?T0I?MAIN
  C:1D76H         SEGMENT       ?C_INITSEG
  D:001CH         SEGMENT       ?DT?MAIN
  C:2714H         PUBLIC        MAIN
  C:2677H         PUBLIC        T0I
  D:001CH         PUBLIC        TIME_MS
  C:2724H         SYMBOL        ?C0001
  B:00C0H.2       SYMBOL        AA
  B:00D0H.6       SYMBOL        AC
  D:00E0H         SYMBOL        ACC
  B:00E8H.4       SYMBOL        AD0BUSY
  B:00E8H.2       SYMBOL        AD0CM0
  B:00E8H.3       SYMBOL        AD0CM1
  B:00E8H.7       SYMBOL        AD0EN
  B:00E8H.5       SYMBOL        AD0INT
  B:00E8H.0       SYMBOL        AD0LJST
  B:00E8H.6       SYMBOL        AD0TM
  B:00E8H.1       SYMBOL        AD0WINT
  D:00BCH         SYMBOL        ADC0CF
  D:00E8H         SYMBOL        ADC0CN
  D:00C5H         SYMBOL        ADC0GTH
  D:00C4H         SYMBOL        ADC0GTL
  D:00BFH         SYMBOL        ADC0H
  D:00BEH         SYMBOL        ADC0L
  D:00C7H         SYMBOL        ADC0LTH
  D:00C6H         SYMBOL        ADC0LTL
  D:009CH         SYMBOL        ADC1
  D:00ABH         SYMBOL        ADC1CF
  D:00AAH         SYMBOL        ADC1CN
  D:00BAH         SYMBOL        AMX0CF
  D:00BBH         SYMBOL        AMX0SL
  D:00ACH         SYMBOL        AMX1SL
  D:00F0H         SYMBOL        B
  B:00C0H.7       SYMBOL        BUSY
  B:00D8H.0       SYMBOL        CCF0
  B:00D8H.1       SYMBOL        CCF1
  B:00D8H.2       SYMBOL        CCF2
  B:00D8H.3       SYMBOL        CCF3
  B:00D8H.4       SYMBOL        CCF4
  B:00D8H.7       SYMBOL        CF
  D:008EH         SYMBOL        CKCON
  B:00C8H.0       SYMBOL        CPRL2
  D:009EH         SYMBOL        CPT0CN
BL51 BANKED LINKER/LOCATER V6.22.4.0                                                  12/22/2023  09:21:58  PAGE 5


  D:009FH         SYMBOL        CPT1CN
  B:00D8H.6       SYMBOL        CR
  B:00C8H.1       SYMBOL        CT2
  B:00D0H.7       SYMBOL        CY
  B:0080H.0       SYMBOL        D0
  B:0080H.1       SYMBOL        D1
  B:0080H.2       SYMBOL        D2
  B:0080H.3       SYMBOL        D3
  B:0080H.4       SYMBOL        D4
  B:0080H.5       SYMBOL        D5
  B:0080H.6       SYMBOL        D6
  B:0080H.7       SYMBOL        D7
  D:00D4H         SYMBOL        DAC0CN
  D:00D3H         SYMBOL        DAC0H
  D:00D2H         SYMBOL        DAC0L
  D:00D7H         SYMBOL        DAC1CN
  D:00D6H         SYMBOL        DAC1H
  D:00D5H         SYMBOL        DAC1L
  D:0083H         SYMBOL        DPH
  D:0082H         SYMBOL        DPL
  B:00A8H.7       SYMBOL        EA
  D:00E6H         SYMBOL        EIE1
  D:00E7H         SYMBOL        EIE2
  D:00F6H         SYMBOL        EIP1
  D:00F7H         SYMBOL        EIP2
  D:00A3H         SYMBOL        EMI0CF
  D:00AFH         SYMBOL        EMI0CN
  D:00A1H         SYMBOL        EMI0TC
  B:00C0H.6       SYMBOL        ENSMB
  B:00A8H.4       SYMBOL        ES0
  B:00A8H.1       SYMBOL        ET0
  B:00A8H.3       SYMBOL        ET1
  B:00A8H.5       SYMBOL        ET2
  B:00A8H.0       SYMBOL        EX0
  B:00A8H.2       SYMBOL        EX1
  B:00C8H.3       SYMBOL        EXEN2
  B:00C8H.6       SYMBOL        EXF2
  B:00D0H.5       SYMBOL        F0
  B:00D0H.1       SYMBOL        F1
  D:00B7H         SYMBOL        FLACL
  D:00B6H         SYMBOL        FLSCL
  D:00A8H         SYMBOL        IE
  B:0088H.1       SYMBOL        IE0
  B:0088H.3       SYMBOL        IE1
  D:00B8H         SYMBOL        IP
  B:0088H.0       SYMBOL        IT0
  B:0088H.2       SYMBOL        IT1
  B:00A0H.7       SYMBOL        LCD_EN
  B:00A0H.5       SYMBOL        LCD_RS
  B:00A0H.6       SYMBOL        LCD_RW
  B:00F8H.5       SYMBOL        MODF
  B:00F8H.1       SYMBOL        MSTEN
  D:00B2H         SYMBOL        OSCICN
  D:00B1H         SYMBOL        OSCXCN
  B:00D0H.2       SYMBOL        OV
  B:00D0H.0       SYMBOL        P
  D:0080H         SYMBOL        P0
BL51 BANKED LINKER/LOCATER V6.22.4.0                                                  12/22/2023  09:21:58  PAGE 6


  D:00A4H         SYMBOL        P0MDOUT
  D:0090H         SYMBOL        P1
  D:00BDH         SYMBOL        P1MDIN
  D:00A5H         SYMBOL        P1MDOUT
  D:00A0H         SYMBOL        P2
  D:00A6H         SYMBOL        P2MDOUT
  D:00B0H         SYMBOL        P3
  D:00ADH         SYMBOL        P3IF
  D:00A7H         SYMBOL        P3MDOUT
  D:0084H         SYMBOL        P4
  D:0085H         SYMBOL        P5
  D:0086H         SYMBOL        P6
  D:0096H         SYMBOL        P7
  D:00B5H         SYMBOL        P74OUT
  D:00D8H         SYMBOL        PCA0CN
  D:00FAH         SYMBOL        PCA0CPH0
  D:00FBH         SYMBOL        PCA0CPH1
  D:00FCH         SYMBOL        PCA0CPH2
  D:00FDH         SYMBOL        PCA0CPH3
  D:00FEH         SYMBOL        PCA0CPH4
  D:00EAH         SYMBOL        PCA0CPL0
  D:00EBH         SYMBOL        PCA0CPL1
  D:00ECH         SYMBOL        PCA0CPL2
  D:00EDH         SYMBOL        PCA0CPL3
  D:00EEH         SYMBOL        PCA0CPL4
  D:00DAH         SYMBOL        PCA0CPM0
  D:00DBH         SYMBOL        PCA0CPM1
  D:00DCH         SYMBOL        PCA0CPM2
  D:00DDH         SYMBOL        PCA0CPM3
  D:00DEH         SYMBOL        PCA0CPM4
  D:00F9H         SYMBOL        PCA0H
  D:00E9H         SYMBOL        PCA0L
  D:00D9H         SYMBOL        PCA0MD
  D:0087H         SYMBOL        PCON
  B:00B8H.4       SYMBOL        PS
  D:008FH         SYMBOL        PSCTL
  D:00D0H         SYMBOL        PSW
  B:00B8H.1       SYMBOL        PT0
  B:00B8H.3       SYMBOL        PT1
  B:00B8H.5       SYMBOL        PT2
  B:00B8H.0       SYMBOL        PX0
  B:00B8H.2       SYMBOL        PX1
  B:0098H.2       SYMBOL        RB80
  D:00CBH         SYMBOL        RCAP2H
  D:00CAH         SYMBOL        RCAP2L
  D:00E5H         SYMBOL        RCAP4H
  D:00E4H         SYMBOL        RCAP4L
  B:00C8H.5       SYMBOL        RCLK0
  D:00D1H         SYMBOL        REF0CN
  B:0098H.4       SYMBOL        REN0
  B:0098H.0       SYMBOL        RI0
  B:00D0H.3       SYMBOL        RS0
  B:00D0H.4       SYMBOL        RS1
  D:00EFH         SYMBOL        RSTSRC
  B:00F8H.4       SYMBOL        RXOVRN
  D:00A9H         SYMBOL        SADDR0
  D:00F3H         SYMBOL        SADDR1
BL51 BANKED LINKER/LOCATER V6.22.4.0                                                  12/22/2023  09:21:58  PAGE 7


  D:00B9H         SYMBOL        SADEN0
  D:00AEH         SYMBOL        SADEN1
  D:0099H         SYMBOL        SBUF0
  D:00F2H         SYMBOL        SBUF1
  D:0098H         SYMBOL        SCON0
  D:00F1H         SYMBOL        SCON1
  B:00C0H.3       SYMBOL        SI
  B:00F8H.2       SYMBOL        SLVSEL
  B:0098H.7       SYMBOL        SM00
  B:0098H.6       SYMBOL        SM10
  B:0098H.5       SYMBOL        SM20
  D:00C3H         SYMBOL        SMB0ADR
  D:00C0H         SYMBOL        SMB0CN
  D:00CFH         SYMBOL        SMB0CR
  D:00C2H         SYMBOL        SMB0DAT
  D:00C1H         SYMBOL        SMB0STA
  B:00C0H.1       SYMBOL        SMBFTE
  B:00C0H.0       SYMBOL        SMBTOE
  D:0081H         SYMBOL        SP
  D:009AH         SYMBOL        SPI0CFG
  D:009DH         SYMBOL        SPI0CKR
  D:00F8H         SYMBOL        SPI0CN
  D:009BH         SYMBOL        SPI0DAT
  B:00F8H.0       SYMBOL        SPIEN
  B:00F8H.7       SYMBOL        SPIF
  B:00C0H.5       SYMBOL        STA
  B:00C0H.4       SYMBOL        STO
  D:00C8H         SYMBOL        T2CON
  D:00C9H         SYMBOL        T4CON
  B:0098H.3       SYMBOL        TB80
  B:00C8H.4       SYMBOL        TCLK0
  D:0088H         SYMBOL        TCON
  B:0088H.5       SYMBOL        TF0
  B:0088H.7       SYMBOL        TF1
  B:00C8H.7       SYMBOL        TF2
  D:008CH         SYMBOL        TH0
  D:008DH         SYMBOL        TH1
  D:00CDH         SYMBOL        TH2
  D:00F5H         SYMBOL        TH4
  B:0098H.1       SYMBOL        TI0
  D:008AH         SYMBOL        TL0
  D:008BH         SYMBOL        TL1
  D:00CCH         SYMBOL        TL2
  D:00F4H         SYMBOL        TL4
  D:0089H         SYMBOL        TMOD
  D:0091H         SYMBOL        TMR3CN
  D:0095H         SYMBOL        TMR3H
  D:0094H         SYMBOL        TMR3L
  D:0093H         SYMBOL        TMR3RLH
  D:0092H         SYMBOL        TMR3RLL
  B:0088H.4       SYMBOL        TR0
  B:0088H.6       SYMBOL        TR1
  B:00C8H.2       SYMBOL        TR2
  B:00F8H.3       SYMBOL        TXBSY
  B:00F8H.6       SYMBOL        WCOL
  D:00FFH         SYMBOL        WDTCN
  D:00E1H         SYMBOL        XBR0
BL51 BANKED LINKER/LOCATER V6.22.4.0                                                  12/22/2023  09:21:58  PAGE 8


  D:00E2H         SYMBOL        XBR1
  D:00E3H         SYMBOL        XBR2
  C:2714H         LINE#         265
  C:2717H         LINE#         268
  C:271AH         LINE#         272
  C:271DH         LINE#         279
  C:271FH         LINE#         280
  C:2721H         LINE#         281
  C:2724H         LINE#         294
  C:2727H         LINE#         297
  C:000BH         LINE#         301
  C:2677H         LINE#         311
  C:2679H         LINE#         312
  C:267BH         LINE#         318
  C:267EH         LINE#         322
  C:2681H         LINE#         326
  C:2683H         LINE#         327
  C:2685H         LINE#         328
  C:2687H         LINE#         329
  C:2688H         LINE#         330
  C:268AH         LINE#         331
  C:268CH         LINE#         332
  C:268DH         LINE#         333
  C:268FH         LINE#         334
  C:2691H         LINE#         335
  C:2692H         LINE#         336
  C:2694H         LINE#         337
  C:2696H         LINE#         340
  C:2698H         LINE#         341
  C:269AH         LINE#         342
  -------         ENDMOD        MAIN

  -------         MODULE        INIT_DEVICE
  C:2774H         SEGMENT       ?PR?TIMER_INIT?INIT_DEVICE
  C:27A1H         SEGMENT       ?PR?PORT_IO_INIT?INIT_DEVICE
  C:0003H         SEGMENT       ?PR?INTERRUPTS_INIT?INIT_DEVICE
  C:26FAH         SEGMENT       ?PR?INIT_DEVICE?INIT_DEVICE
  C:26FAH         PUBLIC        INIT_DEVICE
  C:0003H         PUBLIC        INTERRUPTS_INIT
  C:27A1H         PUBLIC        PORT_IO_INIT
  C:2774H         PUBLIC        TIMER_INIT
  B:00C0H.2       SYMBOL        AA
  B:00D0H.6       SYMBOL        AC
  D:00E0H         SYMBOL        ACC
  B:00E8H.4       SYMBOL        AD0BUSY
  B:00E8H.2       SYMBOL        AD0CM0
  B:00E8H.3       SYMBOL        AD0CM1
  B:00E8H.7       SYMBOL        AD0EN
  B:00E8H.5       SYMBOL        AD0INT
  B:00E8H.0       SYMBOL        AD0LJST
  B:00E8H.6       SYMBOL        AD0TM
  B:00E8H.1       SYMBOL        AD0WINT
  D:00BCH         SYMBOL        ADC0CF
  D:00E8H         SYMBOL        ADC0CN
  D:00C5H         SYMBOL        ADC0GTH
  D:00C4H         SYMBOL        ADC0GTL
  D:00BFH         SYMBOL        ADC0H
BL51 BANKED LINKER/LOCATER V6.22.4.0                                                  12/22/2023  09:21:58  PAGE 9


  D:00BEH         SYMBOL        ADC0L
  D:00C7H         SYMBOL        ADC0LTH
  D:00C6H         SYMBOL        ADC0LTL
  D:009CH         SYMBOL        ADC1
  D:00ABH         SYMBOL        ADC1CF
  D:00AAH         SYMBOL        ADC1CN
  D:00BAH         SYMBOL        AMX0CF
  D:00BBH         SYMBOL        AMX0SL
  D:00ACH         SYMBOL        AMX1SL
  D:00F0H         SYMBOL        B
  B:00C0H.7       SYMBOL        BUSY
  B:00D8H.0       SYMBOL        CCF0
  B:00D8H.1       SYMBOL        CCF1
  B:00D8H.2       SYMBOL        CCF2
  B:00D8H.3       SYMBOL        CCF3
  B:00D8H.4       SYMBOL        CCF4
  B:00D8H.7       SYMBOL        CF
  D:008EH         SYMBOL        CKCON
  B:00C8H.0       SYMBOL        CPRL2
  D:009EH         SYMBOL        CPT0CN
  D:009FH         SYMBOL        CPT1CN
  B:00D8H.6       SYMBOL        CR
  B:00C8H.1       SYMBOL        CT2
  B:00D0H.7       SYMBOL        CY
  B:0080H.0       SYMBOL        D0
  B:0080H.1       SYMBOL        D1
  B:0080H.2       SYMBOL        D2
  B:0080H.3       SYMBOL        D3
  B:0080H.4       SYMBOL        D4
  B:0080H.5       SYMBOL        D5
  B:0080H.6       SYMBOL        D6
  B:0080H.7       SYMBOL        D7
  D:00D4H         SYMBOL        DAC0CN
  D:00D3H         SYMBOL        DAC0H
  D:00D2H         SYMBOL        DAC0L
  D:00D7H         SYMBOL        DAC1CN
  D:00D6H         SYMBOL        DAC1H
  D:00D5H         SYMBOL        DAC1L
  D:0083H         SYMBOL        DPH
  D:0082H         SYMBOL        DPL
  B:00A8H.7       SYMBOL        EA
  D:00E6H         SYMBOL        EIE1
  D:00E7H         SYMBOL        EIE2
  D:00F6H         SYMBOL        EIP1
  D:00F7H         SYMBOL        EIP2
  D:00A3H         SYMBOL        EMI0CF
  D:00AFH         SYMBOL        EMI0CN
  D:00A1H         SYMBOL        EMI0TC
  B:00C0H.6       SYMBOL        ENSMB
  B:00A8H.4       SYMBOL        ES0
  B:00A8H.1       SYMBOL        ET0
  B:00A8H.3       SYMBOL        ET1
  B:00A8H.5       SYMBOL        ET2
  B:00A8H.0       SYMBOL        EX0
  B:00A8H.2       SYMBOL        EX1
  B:00C8H.3       SYMBOL        EXEN2
  B:00C8H.6       SYMBOL        EXF2
BL51 BANKED LINKER/LOCATER V6.22.4.0                                                  12/22/2023  09:21:58  PAGE 10


  B:00D0H.5       SYMBOL        F0
  B:00D0H.1       SYMBOL        F1
  D:00B7H         SYMBOL        FLACL
  D:00B6H         SYMBOL        FLSCL
  D:00A8H         SYMBOL        IE
  B:0088H.1       SYMBOL        IE0
  B:0088H.3       SYMBOL        IE1
  D:00B8H         SYMBOL        IP
  B:0088H.0       SYMBOL        IT0
  B:0088H.2       SYMBOL        IT1
  B:00A0H.7       SYMBOL        LCD_EN
  B:00A0H.5       SYMBOL        LCD_RS
  B:00A0H.6       SYMBOL        LCD_RW
  B:00F8H.5       SYMBOL        MODF
  B:00F8H.1       SYMBOL        MSTEN
  D:00B2H         SYMBOL        OSCICN
  D:00B1H         SYMBOL        OSCXCN
  B:00D0H.2       SYMBOL        OV
  B:00D0H.0       SYMBOL        P
  D:0080H         SYMBOL        P0
  D:00A4H         SYMBOL        P0MDOUT
  D:0090H         SYMBOL        P1
  D:00BDH         SYMBOL        P1MDIN
  D:00A5H         SYMBOL        P1MDOUT
  D:00A0H         SYMBOL        P2
  D:00A6H         SYMBOL        P2MDOUT
  D:00B0H         SYMBOL        P3
  D:00ADH         SYMBOL        P3IF
  D:00A7H         SYMBOL        P3MDOUT
  D:0084H         SYMBOL        P4
  D:0085H         SYMBOL        P5
  D:0086H         SYMBOL        P6
  D:0096H         SYMBOL        P7
  D:00B5H         SYMBOL        P74OUT
  D:00D8H         SYMBOL        PCA0CN
  D:00FAH         SYMBOL        PCA0CPH0
  D:00FBH         SYMBOL        PCA0CPH1
  D:00FCH         SYMBOL        PCA0CPH2
  D:00FDH         SYMBOL        PCA0CPH3
  D:00FEH         SYMBOL        PCA0CPH4
  D:00EAH         SYMBOL        PCA0CPL0
  D:00EBH         SYMBOL        PCA0CPL1
  D:00ECH         SYMBOL        PCA0CPL2
  D:00EDH         SYMBOL        PCA0CPL3
  D:00EEH         SYMBOL        PCA0CPL4
  D:00DAH         SYMBOL        PCA0CPM0
  D:00DBH         SYMBOL        PCA0CPM1
  D:00DCH         SYMBOL        PCA0CPM2
  D:00DDH         SYMBOL        PCA0CPM3
  D:00DEH         SYMBOL        PCA0CPM4
  D:00F9H         SYMBOL        PCA0H
  D:00E9H         SYMBOL        PCA0L
  D:00D9H         SYMBOL        PCA0MD
  D:0087H         SYMBOL        PCON
  B:00B8H.4       SYMBOL        PS
  D:008FH         SYMBOL        PSCTL
  D:00D0H         SYMBOL        PSW
BL51 BANKED LINKER/LOCATER V6.22.4.0                                                  12/22/2023  09:21:58  PAGE 11


  B:00B8H.1       SYMBOL        PT0
  B:00B8H.3       SYMBOL        PT1
  B:00B8H.5       SYMBOL        PT2
  B:00B8H.0       SYMBOL        PX0
  B:00B8H.2       SYMBOL        PX1
  B:0098H.2       SYMBOL        RB80
  D:00CBH         SYMBOL        RCAP2H
  D:00CAH         SYMBOL        RCAP2L
  D:00E5H         SYMBOL        RCAP4H
  D:00E4H         SYMBOL        RCAP4L
  B:00C8H.5       SYMBOL        RCLK0
  D:00D1H         SYMBOL        REF0CN
  B:0098H.4       SYMBOL        REN0
  B:0098H.0       SYMBOL        RI0
  B:00D0H.3       SYMBOL        RS0
  B:00D0H.4       SYMBOL        RS1
  D:00EFH         SYMBOL        RSTSRC
  B:00F8H.4       SYMBOL        RXOVRN
  D:00A9H         SYMBOL        SADDR0
  D:00F3H         SYMBOL        SADDR1
  D:00B9H         SYMBOL        SADEN0
  D:00AEH         SYMBOL        SADEN1
  D:0099H         SYMBOL        SBUF0
  D:00F2H         SYMBOL        SBUF1
  D:0098H         SYMBOL        SCON0
  D:00F1H         SYMBOL        SCON1
  B:00C0H.3       SYMBOL        SI
  B:00F8H.2       SYMBOL        SLVSEL
  B:0098H.7       SYMBOL        SM00
  B:0098H.6       SYMBOL        SM10
  B:0098H.5       SYMBOL        SM20
  D:00C3H         SYMBOL        SMB0ADR
  D:00C0H         SYMBOL        SMB0CN
  D:00CFH         SYMBOL        SMB0CR
  D:00C2H         SYMBOL        SMB0DAT
  D:00C1H         SYMBOL        SMB0STA
  B:00C0H.1       SYMBOL        SMBFTE
  B:00C0H.0       SYMBOL        SMBTOE
  D:0081H         SYMBOL        SP
  D:009AH         SYMBOL        SPI0CFG
  D:009DH         SYMBOL        SPI0CKR
  D:00F8H         SYMBOL        SPI0CN
  D:009BH         SYMBOL        SPI0DAT
  B:00F8H.0       SYMBOL        SPIEN
  B:00F8H.7       SYMBOL        SPIF
  B:00C0H.5       SYMBOL        STA
  B:00C0H.4       SYMBOL        STO
  D:00C8H         SYMBOL        T2CON
  D:00C9H         SYMBOL        T4CON
  B:0098H.3       SYMBOL        TB80
  B:00C8H.4       SYMBOL        TCLK0
  D:0088H         SYMBOL        TCON
  B:0088H.5       SYMBOL        TF0
  B:0088H.7       SYMBOL        TF1
  B:00C8H.7       SYMBOL        TF2
  D:008CH         SYMBOL        TH0
  D:008DH         SYMBOL        TH1
BL51 BANKED LINKER/LOCATER V6.22.4.0                                                  12/22/2023  09:21:58  PAGE 12


  D:00CDH         SYMBOL        TH2
  D:00F5H         SYMBOL        TH4
  B:0098H.1       SYMBOL        TI0
  D:008AH         SYMBOL        TL0
  D:008BH         SYMBOL        TL1
  D:00CCH         SYMBOL        TL2
  D:00F4H         SYMBOL        TL4
  D:0089H         SYMBOL        TMOD
  D:0091H         SYMBOL        TMR3CN
  D:0095H         SYMBOL        TMR3H
  D:0094H         SYMBOL        TMR3L
  D:0093H         SYMBOL        TMR3RLH
  D:0092H         SYMBOL        TMR3RLL
  B:0088H.4       SYMBOL        TR0
  B:0088H.6       SYMBOL        TR1
  B:00C8H.2       SYMBOL        TR2
  B:00F8H.3       SYMBOL        TXBSY
  B:00F8H.6       SYMBOL        WCOL
  D:00FFH         SYMBOL        WDTCN
  D:00E1H         SYMBOL        XBR0
  D:00E2H         SYMBOL        XBR1
  D:00E3H         SYMBOL        XBR2
  C:2774H         LINE#         246
  C:2777H         LINE#         250
  C:277AH         LINE#         254
  C:277DH         LINE#         258
  C:2780H         LINE#         262
  C:2783H         LINE#         265
  C:27A1H         LINE#         317
  C:27A4H         LINE#         320
  C:27A7H         LINE#         324
  C:27AAH         LINE#         327
  C:0003H         LINE#         343
  C:0006H         LINE#         347
  C:0009H         LINE#         350
  C:26FAH         LINE#         366
  C:26FDH         LINE#         370
  C:2700H         LINE#         374
  C:2703H         LINE#         378
  C:2706H         LINE#         382
  C:2709H         LINE#         386
  C:270BH         LINE#         387
  C:270DH         LINE#         388
  C:270FH         LINE#         389
  C:2711H         LINE#         390
  -------         ENDMOD        INIT_DEVICE

  -------         MODULE        LCD12864
  C:2793H         SEGMENT       ?PR?SET_LCD_READ_WRITE?LCD12864
  C:2784H         SEGMENT       ?PR?WAIT_LCD_NOT_BUSY?LCD12864
  C:2629H         SEGMENT       ?PR?_LCD_WCMD?LCD12864
  C:24D6H         SEGMENT       ?PR?_LCD_WDAT?LCD12864
  C:27E6H         SEGMENT       ?PR?CLEAR?LCD12864
  C:215EH         SEGMENT       ?PR?LCD_INIT?LCD12864
  C:2503H         SEGMENT       ?PR?_SET_XY?LCD12864
  D:0042H         SEGMENT       ?DT?_SET_XY?LCD12864
  C:252FH         SEGMENT       ?PR?_PRINT?LCD12864
BL51 BANKED LINKER/LOCATER V6.22.4.0                                                  12/22/2023  09:21:58  PAGE 13


  D:002FH         SEGMENT       ?DT?_PRINT?LCD12864
  C:27ABH         SEGMENT       ?PR?_PRINT_CHAR?LCD12864
  D:0043H         SEGMENT       ?DT?_PRINT_CHAR?LCD12864
  C:1FFCH         SEGMENT       ?PR?_DRAW_PM?LCD12864
  D:0021H         SEGMENT       ?DT?_DRAW_PM?LCD12864
  C:27E6H         PUBLIC        CLEAR
  C:215EH         PUBLIC        LCD_INIT
  C:2793H         PUBLIC        SET_LCD_READ_WRITE
  C:2784H         PUBLIC        WAIT_LCD_NOT_BUSY
  C:1FFCH         PUBLIC        _DRAW_PM
  C:2629H         PUBLIC        _LCD_WCMD
  C:24DCH         PUBLIC        _LCD_WDAT
  C:252FH         PUBLIC        _PRINT
  C:27ABH         PUBLIC        _PRINT_CHAR
  C:2503H         PUBLIC        _SET_XY
  C:279AH         SYMBOL        ?C0001
  C:27A0H         SYMBOL        ?C0003
  C:278DH         SYMBOL        ?C0004
  C:2514H         SYMBOL        ?C0012
  C:251AH         SYMBOL        ?C0013
  C:2520H         SYMBOL        ?C0014
  C:2526H         SYMBOL        ?C0015
  C:252EH         SYMBOL        ?C0017
  C:2540H         SYMBOL        ?C0018
  C:2559H         SYMBOL        ?C0020
  C:200DH         SYMBOL        ?C0022
  C:203DH         SYMBOL        ?C0023
  C:2034H         SYMBOL        ?C0024
  C:201CH         SYMBOL        ?C0025
  C:2043H         SYMBOL        ?C0028
  C:2073H         SYMBOL        ?C0029
  C:206AH         SYMBOL        ?C0030
  C:2052H         SYMBOL        ?C0031
  C:2550H         SYMBOL        ?C0035
  C:2028H         SYMBOL        ?C0036
  C:205EH         SYMBOL        ?C0037
  C:251EH         SYMBOL        ?C0038
  C:2524H         SYMBOL        ?C0039
  C:252AH         SYMBOL        ?C0040
  C:2553H         SYMBOL        ?C0041
  D:0021H         SYMBOL        ?_DRAW_PM?BYTE
  D:002FH         SYMBOL        ?_PRINT?BYTE
  D:0043H         SYMBOL        ?_PRINT_CHAR?BYTE
  D:0042H         SYMBOL        ?_SET_XY?BYTE
  D:0043H         SYMBOL        A?850
  B:00C0H.2       SYMBOL        AA
  B:00D0H.6       SYMBOL        AC
  D:00E0H         SYMBOL        ACC
  B:00E8H.4       SYMBOL        AD0BUSY
  B:00E8H.2       SYMBOL        AD0CM0
  B:00E8H.3       SYMBOL        AD0CM1
  B:00E8H.7       SYMBOL        AD0EN
  B:00E8H.5       SYMBOL        AD0INT
  B:00E8H.0       SYMBOL        AD0LJST
  B:00E8H.6       SYMBOL        AD0TM
  B:00E8H.1       SYMBOL        AD0WINT
  D:00BCH         SYMBOL        ADC0CF
BL51 BANKED LINKER/LOCATER V6.22.4.0                                                  12/22/2023  09:21:58  PAGE 14


  D:00E8H         SYMBOL        ADC0CN
  D:00C5H         SYMBOL        ADC0GTH
  D:00C4H         SYMBOL        ADC0GTL
  D:00BFH         SYMBOL        ADC0H
  D:00BEH         SYMBOL        ADC0L
  D:00C7H         SYMBOL        ADC0LTH
  D:00C6H         SYMBOL        ADC0LTL
  D:009CH         SYMBOL        ADC1
  D:00ABH         SYMBOL        ADC1CF
  D:00AAH         SYMBOL        ADC1CN
  D:00BAH         SYMBOL        AMX0CF
  D:00BBH         SYMBOL        AMX0SL
  D:00ACH         SYMBOL        AMX1SL
  D:00F0H         SYMBOL        B
  B:00C0H.7       SYMBOL        BUSY
  B:00D8H.0       SYMBOL        CCF0
  B:00D8H.1       SYMBOL        CCF1
  B:00D8H.2       SYMBOL        CCF2
  B:00D8H.3       SYMBOL        CCF3
  B:00D8H.4       SYMBOL        CCF4
  B:00D8H.7       SYMBOL        CF
  D:008EH         SYMBOL        CKCON
  B:00C8H.0       SYMBOL        CPRL2
  D:009EH         SYMBOL        CPT0CN
  D:009FH         SYMBOL        CPT1CN
  B:00D8H.6       SYMBOL        CR
  B:00C8H.1       SYMBOL        CT2
  B:00D0H.7       SYMBOL        CY
  B:0080H.0       SYMBOL        D0
  B:0080H.1       SYMBOL        D1
  B:0080H.2       SYMBOL        D2
  B:0080H.3       SYMBOL        D3
  B:0080H.4       SYMBOL        D4
  B:0080H.5       SYMBOL        D5
  B:0080H.6       SYMBOL        D6
  B:0080H.7       SYMBOL        D7
  D:00D4H         SYMBOL        DAC0CN
  D:00D3H         SYMBOL        DAC0H
  D:00D2H         SYMBOL        DAC0L
  D:00D7H         SYMBOL        DAC1CN
  D:00D6H         SYMBOL        DAC1H
  D:00D5H         SYMBOL        DAC1L
  D:0083H         SYMBOL        DPH
  D:0082H         SYMBOL        DPL
  B:00A8H.7       SYMBOL        EA
  D:00E6H         SYMBOL        EIE1
  D:00E7H         SYMBOL        EIE2
  D:00F6H         SYMBOL        EIP1
  D:00F7H         SYMBOL        EIP2
  D:00A3H         SYMBOL        EMI0CF
  D:00AFH         SYMBOL        EMI0CN
  D:00A1H         SYMBOL        EMI0TC
  B:00C0H.6       SYMBOL        ENSMB
  B:00A8H.4       SYMBOL        ES0
  B:00A8H.1       SYMBOL        ET0
  B:00A8H.3       SYMBOL        ET1
  B:00A8H.5       SYMBOL        ET2
BL51 BANKED LINKER/LOCATER V6.22.4.0                                                  12/22/2023  09:21:58  PAGE 15


  B:00A8H.0       SYMBOL        EX0
  B:00A8H.2       SYMBOL        EX1
  B:00C8H.3       SYMBOL        EXEN2
  B:00C8H.6       SYMBOL        EXF2
  B:00D0H.5       SYMBOL        F0
  B:00D0H.1       SYMBOL        F1
  D:00B7H         SYMBOL        FLACL
  D:00B6H         SYMBOL        FLSCL
  D:0024H         SYMBOL        I?952
  D:00A8H         SYMBOL        IE
  B:0088H.1       SYMBOL        IE0
  B:0088H.3       SYMBOL        IE1
  D:00B8H         SYMBOL        IP
  B:0088H.0       SYMBOL        IT0
  B:0088H.2       SYMBOL        IT1
  D:0025H         SYMBOL        J?953
  D:0026H         SYMBOL        K?954
  C:24D6H         SYMBOL        L?0042
  N:0000H         SYMBOL        LCD12864
  B:00A0H.7       SYMBOL        LCD_EN
  B:00A0H.5       SYMBOL        LCD_RS
  B:00A0H.6       SYMBOL        LCD_RW
  B:00F8H.5       SYMBOL        MODF
  B:00F8H.1       SYMBOL        MSTEN
  D:00B2H         SYMBOL        OSCICN
  D:00B1H         SYMBOL        OSCXCN
  B:00D0H.2       SYMBOL        OV
  B:00D0H.0       SYMBOL        P
  D:0080H         SYMBOL        P0
  D:00A4H         SYMBOL        P0MDOUT
  D:0090H         SYMBOL        P1
  D:00BDH         SYMBOL        P1MDIN
  D:00A5H         SYMBOL        P1MDOUT
  D:00A0H         SYMBOL        P2
  D:00A6H         SYMBOL        P2MDOUT
  D:00B0H         SYMBOL        P3
  D:00ADH         SYMBOL        P3IF
  D:00A7H         SYMBOL        P3MDOUT
  D:0084H         SYMBOL        P4
  D:0085H         SYMBOL        P5
  D:0086H         SYMBOL        P6
  D:0096H         SYMBOL        P7
  D:00B5H         SYMBOL        P74OUT
  D:00D8H         SYMBOL        PCA0CN
  D:00FAH         SYMBOL        PCA0CPH0
  D:00FBH         SYMBOL        PCA0CPH1
  D:00FCH         SYMBOL        PCA0CPH2
  D:00FDH         SYMBOL        PCA0CPH3
  D:00FEH         SYMBOL        PCA0CPH4
  D:00EAH         SYMBOL        PCA0CPL0
  D:00EBH         SYMBOL        PCA0CPL1
  D:00ECH         SYMBOL        PCA0CPL2
  D:00EDH         SYMBOL        PCA0CPL3
  D:00EEH         SYMBOL        PCA0CPL4
  D:00DAH         SYMBOL        PCA0CPM0
  D:00DBH         SYMBOL        PCA0CPM1
  D:00DCH         SYMBOL        PCA0CPM2
BL51 BANKED LINKER/LOCATER V6.22.4.0                                                  12/22/2023  09:21:58  PAGE 16


  D:00DDH         SYMBOL        PCA0CPM3
  D:00DEH         SYMBOL        PCA0CPM4
  D:00F9H         SYMBOL        PCA0H
  D:00E9H         SYMBOL        PCA0L
  D:00D9H         SYMBOL        PCA0MD
  D:0087H         SYMBOL        PCON
  B:00B8H.4       SYMBOL        PS
  D:008FH         SYMBOL        PSCTL
  D:00D0H         SYMBOL        PSW
  B:00B8H.1       SYMBOL        PT0
  B:00B8H.3       SYMBOL        PT1
  B:00B8H.5       SYMBOL        PT2
  D:0021H         SYMBOL        PTR?951
  B:00B8H.0       SYMBOL        PX0
  B:00B8H.2       SYMBOL        PX1
  B:0098H.2       SYMBOL        RB80
  D:00CBH         SYMBOL        RCAP2H
  D:00CAH         SYMBOL        RCAP2L
  D:00E5H         SYMBOL        RCAP4H
  D:00E4H         SYMBOL        RCAP4L
  B:00C8H.5       SYMBOL        RCLK0
  D:00D1H         SYMBOL        REF0CN
  B:0098H.4       SYMBOL        REN0
  B:0098H.0       SYMBOL        RI0
  B:00D0H.3       SYMBOL        RS0
  B:00D0H.4       SYMBOL        RS1
  D:00EFH         SYMBOL        RSTSRC
  B:00F8H.4       SYMBOL        RXOVRN
  D:00A9H         SYMBOL        SADDR0
  D:00F3H         SYMBOL        SADDR1
  D:00B9H         SYMBOL        SADEN0
  D:00AEH         SYMBOL        SADEN1
  D:0099H         SYMBOL        SBUF0
  D:00F2H         SYMBOL        SBUF1
  D:0098H         SYMBOL        SCON0
  D:00F1H         SYMBOL        SCON1
  B:00C0H.3       SYMBOL        SI
  B:00F8H.2       SYMBOL        SLVSEL
  B:0098H.7       SYMBOL        SM00
  B:0098H.6       SYMBOL        SM10
  B:0098H.5       SYMBOL        SM20
  D:00C3H         SYMBOL        SMB0ADR
  D:00C0H         SYMBOL        SMB0CN
  D:00CFH         SYMBOL        SMB0CR
  D:00C2H         SYMBOL        SMB0DAT
  D:00C1H         SYMBOL        SMB0STA
  B:00C0H.1       SYMBOL        SMBFTE
  B:00C0H.0       SYMBOL        SMBTOE
  D:0081H         SYMBOL        SP
  D:009AH         SYMBOL        SPI0CFG
  D:009DH         SYMBOL        SPI0CKR
  D:00F8H         SYMBOL        SPI0CN
  D:009BH         SYMBOL        SPI0DAT
  B:00F8H.0       SYMBOL        SPIEN
  B:00F8H.7       SYMBOL        SPIF
  B:00C0H.5       SYMBOL        STA
  B:00C0H.4       SYMBOL        STO
BL51 BANKED LINKER/LOCATER V6.22.4.0                                                  12/22/2023  09:21:58  PAGE 17


  D:002FH         SYMBOL        STR?746
  D:00C8H         SYMBOL        T2CON
  D:00C9H         SYMBOL        T4CON
  B:0098H.3       SYMBOL        TB80
  B:00C8H.4       SYMBOL        TCLK0
  D:0088H         SYMBOL        TCON
  B:0088H.5       SYMBOL        TF0
  B:0088H.7       SYMBOL        TF1
  B:00C8H.7       SYMBOL        TF2
  D:008CH         SYMBOL        TH0
  D:008DH         SYMBOL        TH1
  D:00CDH         SYMBOL        TH2
  D:00F5H         SYMBOL        TH4
  B:0098H.1       SYMBOL        TI0
  D:008AH         SYMBOL        TL0
  D:008BH         SYMBOL        TL1
  D:00CCH         SYMBOL        TL2
  D:00F4H         SYMBOL        TL4
  D:0089H         SYMBOL        TMOD
  D:0091H         SYMBOL        TMR3CN
  D:0095H         SYMBOL        TMR3H
  D:0094H         SYMBOL        TMR3L
  D:0093H         SYMBOL        TMR3RLH
  D:0092H         SYMBOL        TMR3RLL
  B:0088H.4       SYMBOL        TR0
  B:0088H.6       SYMBOL        TR1
  B:00C8H.2       SYMBOL        TR2
  B:00F8H.3       SYMBOL        TXBSY
  B:00F8H.6       SYMBOL        WCOL
  D:00FFH         SYMBOL        WDTCN
  D:00E1H         SYMBOL        XBR0
  D:00E2H         SYMBOL        XBR1
  D:00E3H         SYMBOL        XBR2
  D:0042H         SYMBOL        XPOS?642
  C:2793H         LINE#         280
  C:2796H         LINE#         285
  C:2799H         LINE#         288
  C:279AH         LINE#         296
  C:279BH         LINE#         297
  C:279DH         LINE#         300
  C:27A0H         LINE#         306
  C:2784H         LINE#         325
  C:2786H         LINE#         329
  C:2788H         LINE#         333
  C:278BH         LINE#         337
  C:278DH         LINE#         342
  C:2790H         LINE#         346
  C:2792H         LINE#         349
  C:2629H         LINE#         370
  C:262CH         LINE#         374
  C:262EH         LINE#         378
  C:2630H         LINE#         382
  C:2633H         LINE#         386
  C:2635H         LINE#         390
  C:2637H         LINE#         391
  C:2639H         LINE#         392
  C:263BH         LINE#         393
BL51 BANKED LINKER/LOCATER V6.22.4.0                                                  12/22/2023  09:21:58  PAGE 18


  C:263DH         LINE#         394
  C:2640H         LINE#         398
  C:2642H         LINE#         402
  C:2644H         LINE#         403
  C:2646H         LINE#         404
  C:2648H         LINE#         405
  C:264AH         LINE#         406
  C:264DH         LINE#         410
  C:264FH         LINE#         413
  C:24D6H         LINE#         427
  C:24D7H         LINE#         428
  C:24D8H         LINE#         429
  C:24DBH         LINE#         430
  C:24DCH         LINE#         440
  C:24DFH         LINE#         444
  C:24E1H         LINE#         448
  C:24E3H         LINE#         452
  C:24E6H         LINE#         456
  C:24E8H         LINE#         460
  C:24EAH         LINE#         461
  C:24ECH         LINE#         462
  C:24EEH         LINE#         463
  C:24F0H         LINE#         464
  C:24F3H         LINE#         468
  C:24F5H         LINE#         472
  C:24F7H         LINE#         473
  C:24F9H         LINE#         474
  C:24FBH         LINE#         475
  C:24FDH         LINE#         476
  C:2500H         LINE#         480
  C:2502H         LINE#         483
  C:27E6H         LINE#         499
  C:27E8H         LINE#         500
  C:215EH         LINE#         521
  C:2160H         LINE#         522
  C:2163H         LINE#         526
  C:2165H         LINE#         527
  C:2167H         LINE#         528
  C:2169H         LINE#         529
  C:216BH         LINE#         530
  C:216EH         LINE#         534
  C:2170H         LINE#         535
  C:2173H         LINE#         539
  C:2175H         LINE#         540
  C:2177H         LINE#         541
  C:2179H         LINE#         542
  C:217BH         LINE#         543
  C:217EH         LINE#         547
  C:2180H         LINE#         548
  C:2183H         LINE#         552
  C:2185H         LINE#         553
  C:2187H         LINE#         554
  C:2189H         LINE#         555
  C:218BH         LINE#         556
  C:218EH         LINE#         560
  C:2190H         LINE#         561
  C:2193H         LINE#         565
BL51 BANKED LINKER/LOCATER V6.22.4.0                                                  12/22/2023  09:21:58  PAGE 19


  C:2195H         LINE#         566
  C:2197H         LINE#         567
  C:2199H         LINE#         568
  C:219BH         LINE#         569
  C:2503H         LINE#         580
  C:2505H         LINE#         587
  C:2506H         LINE#         588
  C:2508H         LINE#         589
  C:250AH         LINE#         590
  C:250BH         LINE#         591
  C:250DH         LINE#         592
  C:250EH         LINE#         593
  C:2510H         LINE#         594
  C:2512H         LINE#         595
  C:2514H         LINE#         604
  C:2516H         LINE#         605
  C:2518H         LINE#         606
  C:251AH         LINE#         613
  C:251CH         LINE#         614
  C:251EH         LINE#         616
  C:2520H         LINE#         623
  C:2522H         LINE#         624
  C:2524H         LINE#         626
  C:2526H         LINE#         633
  C:2528H         LINE#         634
  C:252AH         LINE#         636
  C:252BH         LINE#         637
  C:252EH         LINE#         648
  C:252FH         LINE#         658
  C:2531H         LINE#         659
  C:2533H         LINE#         660
  C:2535H         LINE#         670
  C:2538H         LINE#         674
  C:253AH         LINE#         675
  C:253CH         LINE#         676
  C:253EH         LINE#         678
  C:2540H         LINE#         683
  C:2541H         LINE#         684
  C:2543H         LINE#         690
  C:2546H         LINE#         694
  C:2548H         LINE#         695
  C:254AH         LINE#         696
  C:254CH         LINE#         697
  C:254EH         LINE#         698
  C:2550H         LINE#         700
  C:2551H         LINE#         701
  C:2553H         LINE#         703
  C:2556H         LINE#         704
  C:2557H         LINE#         707
  C:2559H         LINE#         711
  C:27ABH         LINE#         721
  C:27ADH         LINE#         729
  C:27B0H         LINE#         733
  C:27B2H         LINE#         734
  C:1FFCH         LINE#         749
  C:1FFEH         LINE#         750
  C:2000H         LINE#         751
BL51 BANKED LINKER/LOCATER V6.22.4.0                                                  12/22/2023  09:21:58  PAGE 20


  C:2002H         LINE#         759
  C:2004H         LINE#         760
  C:2007H         LINE#         764
  C:200AH         LINE#         770
  C:200BH         LINE#         771
  C:200DH         LINE#         778
  C:200FH         LINE#         779
  C:2011H         LINE#         780
  C:2014H         LINE#         784
  C:2016H         LINE#         785
  C:2019H         LINE#         789
  C:201AH         LINE#         790
  C:201CH         LINE#         797
  C:201EH         LINE#         798
  C:2020H         LINE#         799
  C:2022H         LINE#         800
  C:2024H         LINE#         801
  C:2026H         LINE#         802
  C:2028H         LINE#         804
  C:202BH         LINE#         807
  C:202DH         LINE#         808
  C:202FH         LINE#         809
  C:2030H         LINE#         810
  C:2032H         LINE#         811
  C:2034H         LINE#         815
  C:2036H         LINE#         816
  C:2038H         LINE#         817
  C:2039H         LINE#         818
  C:203BH         LINE#         819
  C:203DH         LINE#         824
  C:2040H         LINE#         829
  C:2041H         LINE#         830
  C:2043H         LINE#         837
  C:2045H         LINE#         838
  C:2047H         LINE#         839
  C:204AH         LINE#         843
  C:204CH         LINE#         844
  C:204FH         LINE#         848
  C:2050H         LINE#         849
  C:2052H         LINE#         856
  C:2054H         LINE#         857
  C:2056H         LINE#         858
  C:2058H         LINE#         859
  C:205AH         LINE#         860
  C:205CH         LINE#         861
  C:205EH         LINE#         863
  C:2061H         LINE#         866
  C:2063H         LINE#         867
  C:2065H         LINE#         868
  C:2066H         LINE#         869
  C:2068H         LINE#         870
  C:206AH         LINE#         874
  C:206CH         LINE#         875
  C:206EH         LINE#         876
  C:206FH         LINE#         877
  C:2071H         LINE#         878
  C:2073H         LINE#         883
BL51 BANKED LINKER/LOCATER V6.22.4.0                                                  12/22/2023  09:21:58  PAGE 21


  C:2075H         LINE#         884
  C:2078H         LINE#         888
  C:207AH         LINE#         889
  -------         ENDMOD        LCD12864

  -------         MODULE        KEYBOARD
  C:1C9DH         SEGMENT       ?PR?KSCAN?KEYBOARD
  D:0038H         SEGMENT       ?DT?KSCAN?KEYBOARD
  C:2729H         SEGMENT       ?PR?F_OR_E?KEYBOARD
  C:1BABH         SEGMENT       ?PR?INPUT_DIGITS?KEYBOARD
  D:003AH         SEGMENT       ?DT?INPUT_DIGITS?KEYBOARD
  B:0020H.4       SEGMENT       ?BI?INPUT_DIGITS?KEYBOARD
  C:1A9FH         SEGMENT       ?PR?INPUT_BITS?KEYBOARD
  D:0027H         SEGMENT       ?DT?INPUT_BITS?KEYBOARD
  B:0020H.5       SEGMENT       ?BI?INPUT_BITS?KEYBOARD
  C:1932H         SEGMENT       ?PR?INPUT_DISPLAY_TIME?KEYBOARD
  D:0008H         SEGMENT       ?DT?INPUT_DISPLAY_TIME?KEYBOARD
  B:0020H.6       SEGMENT       ?BI?INPUT_DISPLAY_TIME?KEYBOARD
  C:25AFH         SEGMENT       ?PR?WAIT_INPUT?KEYBOARD
  B:0020H.7       SEGMENT       ?BI?WAIT_INPUT?KEYBOARD
  C:27BCH         SEGMENT       ?PR?WRONG_INPUT_BITS?KEYBOARD
  C:27C2H         SEGMENT       ?PR?WRONG_DISPLAY_TIME?KEYBOARD
  C:1D76H         SEGMENT       ?C_INITSEG
  C:27B5H         SEGMENT       ?CO?KEYBOARD
  X:005EH         SEGMENT       ?XD?KEYBOARD
  C:2729H         PUBLIC        F_OR_E
  X:005EH         PUBLIC        INPUTS
  C:1A9FH         PUBLIC        INPUT_BITS
  C:1BABH         PUBLIC        INPUT_DIGITS
  C:1932H         PUBLIC        INPUT_DISPLAY_TIME
  C:1C9DH         PUBLIC        KSCAN
  C:25AFH         PUBLIC        WAIT_INPUT
  C:27C2H         PUBLIC        WRONG_DISPLAY_TIME
  C:27BCH         PUBLIC        WRONG_INPUT_BITS
  C:1CA3H         SYMBOL        ?C0001
  C:1D58H         SYMBOL        ?C0005
  C:1D0AH         SYMBOL        ?C0006
  C:1D0FH         SYMBOL        ?C0007
  C:1D14H         SYMBOL        ?C0008
  C:1D19H         SYMBOL        ?C0009
  C:1D1EH         SYMBOL        ?C0010
  C:1D23H         SYMBOL        ?C0011
  C:1D28H         SYMBOL        ?C0012
  C:1D2DH         SYMBOL        ?C0013
  C:1D32H         SYMBOL        ?C0014
  C:1D37H         SYMBOL        ?C0015
  C:1D3CH         SYMBOL        ?C0016
  C:1D41H         SYMBOL        ?C0017
  C:1D46H         SYMBOL        ?C0018
  C:1D4BH         SYMBOL        ?C0019
  C:1D50H         SYMBOL        ?C0020
  C:1D55H         SYMBOL        ?C0021
  C:1D5EH         SYMBOL        ?C0023
  C:1D73H         SYMBOL        ?C0024
  C:2729H         SYMBOL        ?C0028
  C:2735H         SYMBOL        ?C0030
  C:273CH         SYMBOL        ?C0031
BL51 BANKED LINKER/LOCATER V6.22.4.0                                                  12/22/2023  09:21:58  PAGE 22


  C:1BBAH         SYMBOL        ?C0036
  C:1BC0H         SYMBOL        ?C0038
  C:1BD4H         SYMBOL        ?C0039
  C:1BD7H         SYMBOL        ?C0041
  C:1C98H         SYMBOL        ?C0043
  C:1C52H         SYMBOL        ?C0044
  C:1BEEH         SYMBOL        ?C0045
  C:1BF0H         SYMBOL        ?C0046
  C:1BFBH         SYMBOL        ?C0047
  C:1BFDH         SYMBOL        ?C0048
  C:1C0BH         SYMBOL        ?C0049
  C:1C0DH         SYMBOL        ?C0050
  C:1C32H         SYMBOL        ?C0051
  C:1C3EH         SYMBOL        ?C0053
  C:1C4AH         SYMBOL        ?C0055
  C:1C70H         SYMBOL        ?C0058
  C:1C5BH         SYMBOL        ?C0059
  C:1C5DH         SYMBOL        ?C0060
  C:1C68H         SYMBOL        ?C0061
  C:1C6AH         SYMBOL        ?C0062
  C:1C77H         SYMBOL        ?C0064
  C:1C80H         SYMBOL        ?C0067
  C:1C82H         SYMBOL        ?C0068
  C:1C8DH         SYMBOL        ?C0069
  C:1C8FH         SYMBOL        ?C0070
  C:1ABFH         SYMBOL        ?C0074
  C:1AC5H         SYMBOL        ?C0076
  C:1AD3H         SYMBOL        ?C0077
  C:1AD6H         SYMBOL        ?C0079
  C:1BA6H         SYMBOL        ?C0081
  C:1B25H         SYMBOL        ?C0082
  C:1AEDH         SYMBOL        ?C0083
  C:1AEFH         SYMBOL        ?C0084
  C:1AFAH         SYMBOL        ?C0085
  C:1AFCH         SYMBOL        ?C0086
  C:1B0AH         SYMBOL        ?C0087
  C:1B0CH         SYMBOL        ?C0088
  C:1B7EH         SYMBOL        ?C0090
  C:1B2EH         SYMBOL        ?C0091
  C:1B30H         SYMBOL        ?C0092
  C:1B3BH         SYMBOL        ?C0093
  C:1B3DH         SYMBOL        ?C0094
  C:1B4BH         SYMBOL        ?C0095
  C:1B55H         SYMBOL        ?C0096
  C:1B75H         SYMBOL        ?C0097
  C:1B60H         SYMBOL        ?C0098
  C:1B62H         SYMBOL        ?C0099
  C:1B6DH         SYMBOL        ?C0100
  C:1B6FH         SYMBOL        ?C0101
  C:1B85H         SYMBOL        ?C0106
  C:1B8EH         SYMBOL        ?C0109
  C:1B90H         SYMBOL        ?C0110
  C:1B9BH         SYMBOL        ?C0111
  C:1B9DH         SYMBOL        ?C0112
  C:1952H         SYMBOL        ?C0116
  C:1958H         SYMBOL        ?C0118
  C:1966H         SYMBOL        ?C0119
BL51 BANKED LINKER/LOCATER V6.22.4.0                                                  12/22/2023  09:21:58  PAGE 23


  C:1969H         SYMBOL        ?C0121
  C:1A9AH         SYMBOL        ?C0123
  C:19B8H         SYMBOL        ?C0124
  C:1980H         SYMBOL        ?C0125
  C:1982H         SYMBOL        ?C0126
  C:198DH         SYMBOL        ?C0127
  C:198FH         SYMBOL        ?C0128
  C:199DH         SYMBOL        ?C0129
  C:199FH         SYMBOL        ?C0130
  C:1A72H         SYMBOL        ?C0132
  C:19C1H         SYMBOL        ?C0133
  C:19C3H         SYMBOL        ?C0134
  C:19CEH         SYMBOL        ?C0135
  C:19D0H         SYMBOL        ?C0136
  C:19E2H         SYMBOL        ?C0137
  C:1A23H         SYMBOL        ?C0138
  C:1A69H         SYMBOL        ?C0140
  C:1A3EH         SYMBOL        ?C0141
  C:1A42H         SYMBOL        ?C0142
  C:1A5AH         SYMBOL        ?C0143
  C:1A5CH         SYMBOL        ?C0144
  C:1A79H         SYMBOL        ?C0149
  C:1A82H         SYMBOL        ?C0152
  C:1A84H         SYMBOL        ?C0153
  C:1A8FH         SYMBOL        ?C0154
  C:1A91H         SYMBOL        ?C0155
  C:25B1H         SYMBOL        ?C0157
  C:25BEH         SYMBOL        ?C0160
  C:25C0H         SYMBOL        ?C0161
  C:25CAH         SYMBOL        ?C0162
  C:25CCH         SYMBOL        ?C0163
  C:25D5H         SYMBOL        ?C0164
  C:1C4CH         SYMBOL        ?C0168
  C:1C3BH         SYMBOL        ?C0169
  C:1C4CH         SYMBOL        ?C0170
  B:0020H.5       SYMBOL        ?INPUT_BITS?BIT
  D:0027H         SYMBOL        ?INPUT_BITS?BYTE
  B:0020H.4       SYMBOL        ?INPUT_DIGITS?BIT
  D:003AH         SYMBOL        ?INPUT_DIGITS?BYTE
  B:0020H.6       SYMBOL        ?INPUT_DISPLAY_TIME?BIT
  D:0008H         SYMBOL        ?INPUT_DISPLAY_TIME?BYTE
  D:0038H         SYMBOL        ?KSCAN?BYTE
  B:0020H.7       SYMBOL        ?WAIT_INPUT?BIT
  D:0029H         SYMBOL        A?350
  D:000BH         SYMBOL        A?455
  B:00C0H.2       SYMBOL        AA
  B:00D0H.6       SYMBOL        AC
  D:00E0H         SYMBOL        ACC
  B:00E8H.4       SYMBOL        AD0BUSY
  B:00E8H.2       SYMBOL        AD0CM0
  B:00E8H.3       SYMBOL        AD0CM1
  B:00E8H.7       SYMBOL        AD0EN
  B:00E8H.5       SYMBOL        AD0INT
  B:00E8H.0       SYMBOL        AD0LJST
  B:00E8H.6       SYMBOL        AD0TM
  B:00E8H.1       SYMBOL        AD0WINT
  D:00BCH         SYMBOL        ADC0CF
BL51 BANKED LINKER/LOCATER V6.22.4.0                                                  12/22/2023  09:21:58  PAGE 24


  D:00E8H         SYMBOL        ADC0CN
  D:00C5H         SYMBOL        ADC0GTH
  D:00C4H         SYMBOL        ADC0GTL
  D:00BFH         SYMBOL        ADC0H
  D:00BEH         SYMBOL        ADC0L
  D:00C7H         SYMBOL        ADC0LTH
  D:00C6H         SYMBOL        ADC0LTL
  D:009CH         SYMBOL        ADC1
  D:00ABH         SYMBOL        ADC1CF
  D:00AAH         SYMBOL        ADC1CN
  D:00BAH         SYMBOL        AMX0CF
  D:00BBH         SYMBOL        AMX0SL
  D:00ACH         SYMBOL        AMX1SL
  D:00F0H         SYMBOL        B
  B:00C0H.7       SYMBOL        BUSY
  B:00D8H.0       SYMBOL        CCF0
  B:00D8H.1       SYMBOL        CCF1
  B:00D8H.2       SYMBOL        CCF2
  B:00D8H.3       SYMBOL        CCF3
  B:00D8H.4       SYMBOL        CCF4
  B:00D8H.7       SYMBOL        CF
  D:008EH         SYMBOL        CKCON
  B:00C8H.0       SYMBOL        CPRL2
  D:009EH         SYMBOL        CPT0CN
  D:009FH         SYMBOL        CPT1CN
  B:00D8H.6       SYMBOL        CR
  B:00C8H.1       SYMBOL        CT2
  B:00D0H.7       SYMBOL        CY
  B:0080H.0       SYMBOL        D0
  B:0080H.1       SYMBOL        D1
  B:0080H.2       SYMBOL        D2
  B:0080H.3       SYMBOL        D3
  B:0080H.4       SYMBOL        D4
  B:0080H.5       SYMBOL        D5
  B:0080H.6       SYMBOL        D6
  B:0080H.7       SYMBOL        D7
  D:00D4H         SYMBOL        DAC0CN
  D:00D3H         SYMBOL        DAC0H
  D:00D2H         SYMBOL        DAC0L
  D:00D7H         SYMBOL        DAC1CN
  D:00D6H         SYMBOL        DAC1H
  D:00D5H         SYMBOL        DAC1L
  D:003BH         SYMBOL        DIGIT?246
  D:0028H         SYMBOL        DIGIT?349
  D:000AH         SYMBOL        DIGIT?454
  D:0083H         SYMBOL        DPH
  D:0082H         SYMBOL        DPL
  B:00A8H.7       SYMBOL        EA
  D:00E6H         SYMBOL        EIE1
  D:00E7H         SYMBOL        EIE2
  D:00F6H         SYMBOL        EIP1
  D:00F7H         SYMBOL        EIP2
  D:00A3H         SYMBOL        EMI0CF
  D:00AFH         SYMBOL        EMI0CN
  D:00A1H         SYMBOL        EMI0TC
  B:00C0H.6       SYMBOL        ENSMB
  B:00A8H.4       SYMBOL        ES0
BL51 BANKED LINKER/LOCATER V6.22.4.0                                                  12/22/2023  09:21:58  PAGE 25


  B:00A8H.1       SYMBOL        ET0
  B:00A8H.3       SYMBOL        ET1
  B:00A8H.5       SYMBOL        ET2
  B:00A8H.0       SYMBOL        EX0
  B:00A8H.2       SYMBOL        EX1
  B:00C8H.3       SYMBOL        EXEN2
  B:00C8H.6       SYMBOL        EXF2
  B:00D0H.5       SYMBOL        F0
  B:00D0H.1       SYMBOL        F1
  D:00B7H         SYMBOL        FLACL
  D:00B6H         SYMBOL        FLSCL
  D:003AH         SYMBOL        I?245
  D:0027H         SYMBOL        I?348
  D:0008H         SYMBOL        I?452
  D:00A8H         SYMBOL        IE
  B:0088H.1       SYMBOL        IE0
  B:0088H.3       SYMBOL        IE1
  D:00B8H         SYMBOL        IP
  B:0088H.0       SYMBOL        IT0
  B:0088H.2       SYMBOL        IT1
  D:0009H         SYMBOL        J?453
  N:0000H         SYMBOL        KEYBOARD
  D:0038H         SYMBOL        KEYL?041
  B:00A0H.7       SYMBOL        LCD_EN
  B:00A0H.5       SYMBOL        LCD_RS
  B:00A0H.6       SYMBOL        LCD_RW
  B:00F8H.5       SYMBOL        MODF
  B:00F8H.1       SYMBOL        MSTEN
  D:00B2H         SYMBOL        OSCICN
  D:00B1H         SYMBOL        OSCXCN
  B:00D0H.2       SYMBOL        OV
  B:00D0H.0       SYMBOL        P
  D:0080H         SYMBOL        P0
  D:00A4H         SYMBOL        P0MDOUT
  D:0090H         SYMBOL        P1
  D:00BDH         SYMBOL        P1MDIN
  D:00A5H         SYMBOL        P1MDOUT
  D:00A0H         SYMBOL        P2
  D:00A6H         SYMBOL        P2MDOUT
  D:00B0H         SYMBOL        P3
  D:00ADH         SYMBOL        P3IF
  D:00A7H         SYMBOL        P3MDOUT
  D:0084H         SYMBOL        P4
  D:0085H         SYMBOL        P5
  D:0086H         SYMBOL        P6
  D:0096H         SYMBOL        P7
  D:00B5H         SYMBOL        P74OUT
  D:00D8H         SYMBOL        PCA0CN
  D:00FAH         SYMBOL        PCA0CPH0
  D:00FBH         SYMBOL        PCA0CPH1
  D:00FCH         SYMBOL        PCA0CPH2
  D:00FDH         SYMBOL        PCA0CPH3
  D:00FEH         SYMBOL        PCA0CPH4
  D:00EAH         SYMBOL        PCA0CPL0
  D:00EBH         SYMBOL        PCA0CPL1
  D:00ECH         SYMBOL        PCA0CPL2
  D:00EDH         SYMBOL        PCA0CPL3
BL51 BANKED LINKER/LOCATER V6.22.4.0                                                  12/22/2023  09:21:58  PAGE 26


  D:00EEH         SYMBOL        PCA0CPL4
  D:00DAH         SYMBOL        PCA0CPM0
  D:00DBH         SYMBOL        PCA0CPM1
  D:00DCH         SYMBOL        PCA0CPM2
  D:00DDH         SYMBOL        PCA0CPM3
  D:00DEH         SYMBOL        PCA0CPM4
  D:00F9H         SYMBOL        PCA0H
  D:00E9H         SYMBOL        PCA0L
  D:00D9H         SYMBOL        PCA0MD
  D:0087H         SYMBOL        PCON
  B:00B8H.4       SYMBOL        PS
  D:008FH         SYMBOL        PSCTL
  D:00D0H         SYMBOL        PSW
  B:00B8H.1       SYMBOL        PT0
  B:00B8H.3       SYMBOL        PT1
  B:00B8H.5       SYMBOL        PT2
  B:00B8H.0       SYMBOL        PX0
  B:00B8H.2       SYMBOL        PX1
  B:0098H.2       SYMBOL        RB80
  D:00CBH         SYMBOL        RCAP2H
  D:00CAH         SYMBOL        RCAP2L
  D:00E5H         SYMBOL        RCAP4H
  D:00E4H         SYMBOL        RCAP4L
  B:00C8H.5       SYMBOL        RCLK0
  D:00D1H         SYMBOL        REF0CN
  B:0098H.4       SYMBOL        REN0
  B:0098H.0       SYMBOL        RI0
  B:00D0H.3       SYMBOL        RS0
  B:00D0H.4       SYMBOL        RS1
  D:00EFH         SYMBOL        RSTSRC
  B:00F8H.4       SYMBOL        RXOVRN
  D:00A9H         SYMBOL        SADDR0
  D:00F3H         SYMBOL        SADDR1
  D:00B9H         SYMBOL        SADEN0
  D:00AEH         SYMBOL        SADEN1
  D:0099H         SYMBOL        SBUF0
  D:00F2H         SYMBOL        SBUF1
  D:0098H         SYMBOL        SCON0
  D:00F1H         SYMBOL        SCON1
  B:00C0H.3       SYMBOL        SI
  B:00F8H.2       SYMBOL        SLVSEL
  B:0098H.7       SYMBOL        SM00
  B:0098H.6       SYMBOL        SM10
  B:0098H.5       SYMBOL        SM20
  D:00C3H         SYMBOL        SMB0ADR
  D:00C0H         SYMBOL        SMB0CN
  D:00CFH         SYMBOL        SMB0CR
  D:00C2H         SYMBOL        SMB0DAT
  D:00C1H         SYMBOL        SMB0STA
  B:00C0H.1       SYMBOL        SMBFTE
  B:00C0H.0       SYMBOL        SMBTOE
  D:0081H         SYMBOL        SP
  D:009AH         SYMBOL        SPI0CFG
  D:009DH         SYMBOL        SPI0CKR
  D:00F8H         SYMBOL        SPI0CN
  D:009BH         SYMBOL        SPI0DAT
  B:00F8H.0       SYMBOL        SPIEN
BL51 BANKED LINKER/LOCATER V6.22.4.0                                                  12/22/2023  09:21:58  PAGE 27


  B:00F8H.7       SYMBOL        SPIF
  B:00C0H.5       SYMBOL        STA
  B:0020H.4       SYMBOL        STATE?247
  B:0020H.5       SYMBOL        STATE?351
  B:0020H.6       SYMBOL        STATE?457
  B:0020H.7       SYMBOL        STATE?558
  B:00C0H.4       SYMBOL        STO
  D:00C8H         SYMBOL        T2CON
  D:00C9H         SYMBOL        T4CON
  B:0098H.3       SYMBOL        TB80
  B:00C8H.4       SYMBOL        TCLK0
  D:0088H         SYMBOL        TCON
  D:0039H         SYMBOL        TEMP?043
  D:0010H         SYMBOL        TEMP?456
  B:0088H.5       SYMBOL        TF0
  B:0088H.7       SYMBOL        TF1
  B:00C8H.7       SYMBOL        TF2
  D:008CH         SYMBOL        TH0
  D:008DH         SYMBOL        TH1
  D:00CDH         SYMBOL        TH2
  D:00F5H         SYMBOL        TH4
  B:0098H.1       SYMBOL        TI0
  D:008AH         SYMBOL        TL0
  D:008BH         SYMBOL        TL1
  D:00CCH         SYMBOL        TL2
  D:00F4H         SYMBOL        TL4
  D:0089H         SYMBOL        TMOD
  D:0091H         SYMBOL        TMR3CN
  D:0095H         SYMBOL        TMR3H
  D:0094H         SYMBOL        TMR3L
  D:0093H         SYMBOL        TMR3RLH
  D:0092H         SYMBOL        TMR3RLL
  B:0088H.4       SYMBOL        TR0
  B:0088H.6       SYMBOL        TR1
  B:00C8H.2       SYMBOL        TR2
  B:00F8H.3       SYMBOL        TXBSY
  B:00F8H.6       SYMBOL        WCOL
  D:00FFH         SYMBOL        WDTCN
  D:00E1H         SYMBOL        XBR0
  D:00E2H         SYMBOL        XBR1
  D:00E3H         SYMBOL        XBR2
  C:27B5H         SYMBOL        _?IX1000
  C:27B7H         SYMBOL        _?IX1001
  C:1C9DH         LINE#         354
  C:1CA0H         LINE#         358
  C:1CA3H         LINE#         368
  C:1CA5H         LINE#         369
  C:1CA7H         LINE#         370
  C:1CA9H         LINE#         376
  C:1CABH         LINE#         377
  C:1CADH         LINE#         378
  C:1CAFH         LINE#         379
  C:1CB1H         LINE#         380
  C:1CB4H         LINE#         384
  C:1CB6H         LINE#         385
  C:1CB8H         LINE#         386
  C:1CBAH         LINE#         392
BL51 BANKED LINKER/LOCATER V6.22.4.0                                                  12/22/2023  09:21:58  PAGE 28


  C:1CBDH         LINE#         405
  C:1CC0H         LINE#         409
  C:1CC3H         LINE#         413
  C:1CC5H         LINE#         414
  C:1CC7H         LINE#         415
  C:1CC9H         LINE#         416
  C:1CCBH         LINE#         417
  C:1CCEH         LINE#         422
  C:1CD0H         LINE#         426
  C:1CD2H         LINE#         427
  C:1CD3H         LINE#         432
  C:1D0AH         LINE#         473
  C:1D0BH         LINE#         474
  C:1D0DH         LINE#         475
  C:1D0FH         LINE#         480
  C:1D12H         LINE#         481
  C:1D14H         LINE#         486
  C:1D17H         LINE#         487
  C:1D19H         LINE#         492
  C:1D1CH         LINE#         493
  C:1D1EH         LINE#         498
  C:1D21H         LINE#         499
  C:1D23H         LINE#         504
  C:1D26H         LINE#         505
  C:1D28H         LINE#         510
  C:1D2BH         LINE#         511
  C:1D2DH         LINE#         516
  C:1D30H         LINE#         517
  C:1D32H         LINE#         522
  C:1D35H         LINE#         523
  C:1D37H         LINE#         528
  C:1D3AH         LINE#         529
  C:1D3CH         LINE#         534
  C:1D3FH         LINE#         535
  C:1D41H         LINE#         540
  C:1D44H         LINE#         541
  C:1D46H         LINE#         546
  C:1D49H         LINE#         547
  C:1D4BH         LINE#         552
  C:1D4EH         LINE#         553
  C:1D50H         LINE#         558
  C:1D53H         LINE#         559
  C:1D55H         LINE#         564
  C:1D58H         LINE#         574
  C:1D5BH         LINE#         578
  C:1D5EH         LINE#         588
  C:1D60H         LINE#         589
  C:1D63H         LINE#         595
  C:1D65H         LINE#         596
  C:1D67H         LINE#         597
  C:1D69H         LINE#         598
  C:1D6BH         LINE#         599
  C:1D6EH         LINE#         604
  C:1D70H         LINE#         605
  C:1D73H         LINE#         621
  C:1D75H         LINE#         624
  C:2729H         LINE#         647
BL51 BANKED LINKER/LOCATER V6.22.4.0                                                  12/22/2023  09:21:58  PAGE 29


  C:272CH         LINE#         648
  C:272EH         LINE#         653
  C:272FH         LINE#         654
  C:2731H         LINE#         655
  C:2733H         LINE#         661
  C:2734H         LINE#         662
  C:2735H         LINE#         669
  C:2736H         LINE#         670
  C:2738H         LINE#         671
  C:2739H         LINE#         672
  C:273BH         LINE#         678
  C:273CH         LINE#         686
  C:1BABH         LINE#         701
  C:1BACH         LINE#         702
  C:1BAEH         LINE#         706
  C:1BB0H         LINE#         710
  C:1BB3H         LINE#         711
  C:1BB5H         LINE#         715
  C:1BB8H         LINE#         721
  C:1BB9H         LINE#         722
  C:1BBAH         LINE#         734
  C:1BBDH         LINE#         738
  C:1BBEH         LINE#         739
  C:1BC0H         LINE#         745
  C:1BC2H         LINE#         746
  C:1BC4H         LINE#         747
  C:1BC6H         LINE#         748
  C:1BC7H         LINE#         749
  C:1BC9H         LINE#         750
  C:1BCBH         LINE#         751
  C:1BCCH         LINE#         752
  C:1BCDH         LINE#         755
  C:1BCFH         LINE#         756
  C:1BD1H         LINE#         757
  C:1BD4H         LINE#         762
  C:1BD5H         LINE#         763
  C:1BD7H         LINE#         765
  C:1BD9H         LINE#         766
  C:1BDAH         LINE#         767
  C:1BDCH         LINE#         768
  C:1BDEH         LINE#         774
  C:1BE1H         LINE#         775
  C:1BE3H         LINE#         779
  C:1BE5H         LINE#         780
  C:1BE6H         LINE#         781
  C:1BE8H         LINE#         782
  C:1BEAH         LINE#         783
  C:1BECH         LINE#         784
  C:1BEEH         LINE#         786
  C:1BF0H         LINE#         788
  C:1BF2H         LINE#         789
  C:1BF3H         LINE#         790
  C:1BF5H         LINE#         791
  C:1BF7H         LINE#         792
  C:1BF9H         LINE#         793
  C:1BFBH         LINE#         795
  C:1BFDH         LINE#         797
BL51 BANKED LINKER/LOCATER V6.22.4.0                                                  12/22/2023  09:21:58  PAGE 30


  C:1BFEH         LINE#         798
  C:1BFFH         LINE#         799
  C:1C00H         LINE#         800
  C:1C02H         LINE#         801
  C:1C03H         LINE#         802
  C:1C05H         LINE#         803
  C:1C07H         LINE#         804
  C:1C09H         LINE#         805
  C:1C0BH         LINE#         807
  C:1C0DH         LINE#         809
  C:1C0EH         LINE#         810
  C:1C0FH         LINE#         811
  C:1C11H         LINE#         817
  C:1C13H         LINE#         818
  C:1C16H         LINE#         819
  C:1C17H         LINE#         820
  C:1C18H         LINE#         821
  C:1C1AH         LINE#         822
  C:1C1CH         LINE#         823
  C:1C1EH         LINE#         824
  C:1C1FH         LINE#         825
  C:1C21H         LINE#         826
  C:1C23H         LINE#         827
  C:1C24H         LINE#         828
  C:1C25H         LINE#         829
  C:1C27H         LINE#         833
  C:1C29H         LINE#         834
  C:1C2CH         LINE#         839
  C:1C2EH         LINE#         840
  C:1C30H         LINE#         843
  C:1C32H         LINE#         847
  C:1C34H         LINE#         848
  C:1C37H         LINE#         853
  C:1C39H         LINE#         854
  C:1C3BH         LINE#         856
  C:1C3CH         LINE#         859
  C:1C3EH         LINE#         863
  C:1C40H         LINE#         864
  C:1C42H         LINE#         865
  C:1C45H         LINE#         870
  C:1C47H         LINE#         871
  C:1C48H         LINE#         874
  C:1C4AH         LINE#         881
  C:1C4BH         LINE#         882
  C:1C4CH         LINE#         885
  C:1C4DH         LINE#         886
  C:1C50H         LINE#         891
  C:1C52H         LINE#         896
  C:1C54H         LINE#         897
  C:1C57H         LINE#         898
  C:1C59H         LINE#         899
  C:1C5BH         LINE#         901
  C:1C5DH         LINE#         903
  C:1C5FH         LINE#         904
  C:1C60H         LINE#         905
  C:1C62H         LINE#         906
  C:1C64H         LINE#         907
BL51 BANKED LINKER/LOCATER V6.22.4.0                                                  12/22/2023  09:21:58  PAGE 31


  C:1C66H         LINE#         908
  C:1C68H         LINE#         910
  C:1C6AH         LINE#         912
  C:1C6BH         LINE#         913
  C:1C6CH         LINE#         914
  C:1C6EH         LINE#         920
  C:1C6FH         LINE#         921
  C:1C70H         LINE#         928
  C:1C72H         LINE#         929
  C:1C75H         LINE#         935
  C:1C76H         LINE#         936
  C:1C77H         LINE#         943
  C:1C79H         LINE#         944
  C:1C7CH         LINE#         945
  C:1C7EH         LINE#         946
  C:1C80H         LINE#         948
  C:1C82H         LINE#         950
  C:1C84H         LINE#         951
  C:1C85H         LINE#         952
  C:1C87H         LINE#         953
  C:1C89H         LINE#         954
  C:1C8BH         LINE#         955
  C:1C8DH         LINE#         957
  C:1C8FH         LINE#         959
  C:1C90H         LINE#         960
  C:1C91H         LINE#         961
  C:1C93H         LINE#         962
  C:1C96H         LINE#         975
  C:1C98H         LINE#         981
  C:1C9AH         LINE#         982
  C:1A9FH         LINE#         999
  C:1AA0H         LINE#         1000
  C:1AA2H         LINE#         1004
  C:1AA4H         LINE#         1005
  C:1AA6H         LINE#         1006
  C:1AA7H         LINE#         1007
  C:1AA9H         LINE#         1008
  C:1AABH         LINE#         1009
  C:1AADH         LINE#         1010
  C:1AAEH         LINE#         1011
  C:1AB0H         LINE#         1012
  C:1AB3H         LINE#         1016
  C:1AB5H         LINE#         1020
  C:1AB8H         LINE#         1021
  C:1ABAH         LINE#         1025
  C:1ABDH         LINE#         1031
  C:1ABEH         LINE#         1032
  C:1ABFH         LINE#         1044
  C:1AC2H         LINE#         1048
  C:1AC3H         LINE#         1049
  C:1AC5H         LINE#         1055
  C:1AC7H         LINE#         1056
  C:1AC9H         LINE#         1057
  C:1ACAH         LINE#         1058
  C:1ACBH         LINE#         1059
  C:1ACCH         LINE#         1062
  C:1ACEH         LINE#         1063
BL51 BANKED LINKER/LOCATER V6.22.4.0                                                  12/22/2023  09:21:58  PAGE 32


  C:1AD0H         LINE#         1064
  C:1AD3H         LINE#         1069
  C:1AD4H         LINE#         1070
  C:1AD6H         LINE#         1072
  C:1AD8H         LINE#         1073
  C:1AD9H         LINE#         1074
  C:1ADBH         LINE#         1075
  C:1ADDH         LINE#         1081
  C:1AE0H         LINE#         1082
  C:1AE2H         LINE#         1086
  C:1AE4H         LINE#         1087
  C:1AE5H         LINE#         1088
  C:1AE7H         LINE#         1089
  C:1AE9H         LINE#         1090
  C:1AEBH         LINE#         1091
  C:1AEDH         LINE#         1093
  C:1AEFH         LINE#         1095
  C:1AF1H         LINE#         1096
  C:1AF2H         LINE#         1097
  C:1AF4H         LINE#         1098
  C:1AF6H         LINE#         1099
  C:1AF8H         LINE#         1100
  C:1AFAH         LINE#         1102
  C:1AFCH         LINE#         1104
  C:1AFDH         LINE#         1105
  C:1AFEH         LINE#         1106
  C:1AFFH         LINE#         1107
  C:1B01H         LINE#         1108
  C:1B02H         LINE#         1109
  C:1B04H         LINE#         1110
  C:1B06H         LINE#         1111
  C:1B08H         LINE#         1112
  C:1B0AH         LINE#         1114
  C:1B0CH         LINE#         1116
  C:1B0DH         LINE#         1117
  C:1B0EH         LINE#         1118
  C:1B10H         LINE#         1124
  C:1B12H         LINE#         1125
  C:1B14H         LINE#         1126
  C:1B15H         LINE#         1127
  C:1B17H         LINE#         1131
  C:1B19H         LINE#         1132
  C:1B1BH         LINE#         1133
  C:1B1CH         LINE#         1134
  C:1B1DH         LINE#         1135
  C:1B1EH         LINE#         1136
  C:1B1FH         LINE#         1137
  C:1B22H         LINE#         1140
  C:1B25H         LINE#         1145
  C:1B27H         LINE#         1146
  C:1B2AH         LINE#         1147
  C:1B2CH         LINE#         1148
  C:1B2EH         LINE#         1150
  C:1B30H         LINE#         1152
  C:1B32H         LINE#         1153
  C:1B33H         LINE#         1154
  C:1B35H         LINE#         1155
BL51 BANKED LINKER/LOCATER V6.22.4.0                                                  12/22/2023  09:21:58  PAGE 33


  C:1B37H         LINE#         1156
  C:1B39H         LINE#         1157
  C:1B3BH         LINE#         1159
  C:1B3DH         LINE#         1161
  C:1B3EH         LINE#         1162
  C:1B3FH         LINE#         1163
  C:1B41H         LINE#         1169
  C:1B43H         LINE#         1170
  C:1B46H         LINE#         1175
  C:1B49H         LINE#         1178
  C:1B4BH         LINE#         1185
  C:1B4DH         LINE#         1186
  C:1B50H         LINE#         1187
  C:1B51H         LINE#         1188
  C:1B53H         LINE#         1189
  C:1B55H         LINE#         1196
  C:1B57H         LINE#         1197
  C:1B58H         LINE#         1198
  C:1B5AH         LINE#         1199
  C:1B5CH         LINE#         1200
  C:1B5EH         LINE#         1201
  C:1B60H         LINE#         1203
  C:1B62H         LINE#         1205
  C:1B64H         LINE#         1206
  C:1B65H         LINE#         1207
  C:1B67H         LINE#         1208
  C:1B69H         LINE#         1209
  C:1B6BH         LINE#         1210
  C:1B6DH         LINE#         1212
  C:1B6FH         LINE#         1214
  C:1B70H         LINE#         1215
  C:1B71H         LINE#         1216
  C:1B73H         LINE#         1222
  C:1B74H         LINE#         1223
  C:1B75H         LINE#         1234
  C:1B78H         LINE#         1235
  C:1B7AH         LINE#         1236
  C:1B7DH         LINE#         1242
  C:1B7EH         LINE#         1262
  C:1B80H         LINE#         1263
  C:1B83H         LINE#         1269
  C:1B84H         LINE#         1270
  C:1B85H         LINE#         1277
  C:1B87H         LINE#         1278
  C:1B8AH         LINE#         1279
  C:1B8CH         LINE#         1280
  C:1B8EH         LINE#         1282
  C:1B90H         LINE#         1284
  C:1B92H         LINE#         1285
  C:1B93H         LINE#         1286
  C:1B95H         LINE#         1287
  C:1B97H         LINE#         1288
  C:1B99H         LINE#         1289
  C:1B9BH         LINE#         1291
  C:1B9DH         LINE#         1293
  C:1B9EH         LINE#         1294
  C:1B9FH         LINE#         1295
BL51 BANKED LINKER/LOCATER V6.22.4.0                                                  12/22/2023  09:21:58  PAGE 34


  C:1BA1H         LINE#         1296
  C:1BA4H         LINE#         1309
  C:1BA6H         LINE#         1315
  C:1BA8H         LINE#         1316
  C:1932H         LINE#         1333
  C:1933H         LINE#         1334
  C:1935H         LINE#         1338
  C:1937H         LINE#         1339
  C:1939H         LINE#         1340
  C:193AH         LINE#         1341
  C:193CH         LINE#         1342
  C:193EH         LINE#         1343
  C:1940H         LINE#         1344
  C:1941H         LINE#         1345
  C:1943H         LINE#         1346
  C:1946H         LINE#         1352
  C:1948H         LINE#         1356
  C:194BH         LINE#         1357
  C:194DH         LINE#         1361
  C:1950H         LINE#         1367
  C:1951H         LINE#         1368
  C:1952H         LINE#         1380
  C:1955H         LINE#         1384
  C:1956H         LINE#         1385
  C:1958H         LINE#         1391
  C:195AH         LINE#         1392
  C:195CH         LINE#         1393
  C:195DH         LINE#         1394
  C:195EH         LINE#         1395
  C:195FH         LINE#         1398
  C:1961H         LINE#         1399
  C:1963H         LINE#         1400
[...]
  B:00D8H.3       SYMBOL        CCF3
  B:00D8H.4       SYMBOL        CCF4
  B:00D8H.7       SYMBOL        CF
  D:008EH         SYMBOL        CKCON
  B:00C8H.0       SYMBOL        CPRL2
  D:009EH         SYMBOL        CPT0CN
  D:009FH         SYMBOL        CPT1CN
  B:00D8H.6       SYMBOL        CR
  B:00C8H.1       SYMBOL        CT2
  B:00D0H.7       SYMBOL        CY
  B:0080H.0       SYMBOL        D0
  B:0080H.1       SYMBOL        D1
  B:0080H.2       SYMBOL        D2
  B:0080H.3       SYMBOL        D3
  B:0080H.4       SYMBOL        D4
  B:0080H.5       SYMBOL        D5
  B:0080H.6       SYMBOL        D6
  B:0080H.7       SYMBOL        D7
  D:00D4H         SYMBOL        DAC0CN
  D:00D3H         SYMBOL        DAC0H
  D:00D2H         SYMBOL        DAC0L
  D:00D7H         SYMBOL        DAC1CN
  D:00D6H         SYMBOL        DAC1H
  D:00D5H         SYMBOL        DAC1L
  D:0083H         SYMBOL        DPH
  D:0082H         SYMBOL        DPL
  B:00A8H.7       SYMBOL        EA
  D:00E6H         SYMBOL        EIE1
  D:00E7H         SYMBOL        EIE2
  D:00F6H         SYMBOL        EIP1
  D:00F7H         SYMBOL        EIP2
  D:00A3H         SYMBOL        EMI0CF
  D:00AFH         SYMBOL        EMI0CN
  D:00A1H         SYMBOL        EMI0TC
  B:00C0H.6       SYMBOL        ENSMB
  B:00A8H.4       SYMBOL        ES0
  B:00A8H.1       SYMBOL        ET0
BL51 BANKED LINKER/LOCATER V6.22.4.0                                                  12/22/2023  09:21:58  PAGE 57


  B:00A8H.3       SYMBOL        ET1
  B:00A8H.5       SYMBOL        ET2
  B:00A8H.0       SYMBOL        EX0
  B:00A8H.2       SYMBOL        EX1
  B:00C8H.3       SYMBOL        EXEN2
  B:00C8H.6       SYMBOL        EXF2
  B:00D0H.5       SYMBOL        F0
  B:00D0H.1       SYMBOL        F1
  D:00B7H         SYMBOL        FLACL
  D:00B6H         SYMBOL        FLSCL
  N:0000H         SYMBOL        GUESSING_GAME
  D:0040H         SYMBOL        I?1049
  D:00A8H         SYMBOL        IE
  B:0088H.1       SYMBOL        IE0
  B:0088H.3       SYMBOL        IE1
  D:00B8H         SYMBOL        IP
  B:0088H.0       SYMBOL        IT0
  B:0088H.2       SYMBOL        IT1
  B:00A0H.7       SYMBOL        LCD_EN
  B:00A0H.5       SYMBOL        LCD_RS
  B:00A0H.6       SYMBOL        LCD_RW
  B:00F8H.5       SYMBOL        MODF
  B:00F8H.1       SYMBOL        MSTEN
  D:00B2H         SYMBOL        OSCICN
  D:00B1H         SYMBOL        OSCXCN
  B:00D0H.2       SYMBOL        OV
  B:00D0H.0       SYMBOL        P
  D:0080H         SYMBOL        P0
  D:00A4H         SYMBOL        P0MDOUT
  D:0090H         SYMBOL        P1
  D:00BDH         SYMBOL        P1MDIN
  D:00A5H         SYMBOL        P1MDOUT
  D:00A0H         SYMBOL        P2
  D:00A6H         SYMBOL        P2MDOUT
  D:00B0H         SYMBOL        P3
  D:00ADH         SYMBOL        P3IF
  D:00A7H         SYMBOL        P3MDOUT
  D:0084H         SYMBOL        P4
  D:0085H         SYMBOL        P5
  D:0086H         SYMBOL        P6
  D:0096H         SYMBOL        P7
  D:00B5H         SYMBOL        P74OUT
  D:00D8H         SYMBOL        PCA0CN
  D:00FAH         SYMBOL        PCA0CPH0
  D:00FBH         SYMBOL        PCA0CPH1
  D:00FCH         SYMBOL        PCA0CPH2
  D:00FDH         SYMBOL        PCA0CPH3
  D:00FEH         SYMBOL        PCA0CPH4
  D:00EAH         SYMBOL        PCA0CPL0
  D:00EBH         SYMBOL        PCA0CPL1
  D:00ECH         SYMBOL        PCA0CPL2
  D:00EDH         SYMBOL        PCA0CPL3
  D:00EEH         SYMBOL        PCA0CPL4
  D:00DAH         SYMBOL        PCA0CPM0
  D:00DBH         SYMBOL        PCA0CPM1
  D:00DCH         SYMBOL        PCA0CPM2
  D:00DDH         SYMBOL        PCA0CPM3
BL51 BANKED LINKER/LOCATER V6.22.4.0                                                  12/22/2023  09:21:58  PAGE 58


  D:00DEH         SYMBOL        PCA0CPM4
  D:00F9H         SYMBOL        PCA0H
  D:00E9H         SYMBOL        PCA0L
  D:00D9H         SYMBOL        PCA0MD
  D:0087H         SYMBOL        PCON
  B:00B8H.4       SYMBOL        PS
  D:008FH         SYMBOL        PSCTL
  D:00D0H         SYMBOL        PSW
  B:00B8H.1       SYMBOL        PT0
  B:00B8H.3       SYMBOL        PT1
  B:00B8H.5       SYMBOL        PT2
  B:00B8H.0       SYMBOL        PX0
  B:00B8H.2       SYMBOL        PX1
  B:0098H.2       SYMBOL        RB80
  D:00CBH         SYMBOL        RCAP2H
  D:00CAH         SYMBOL        RCAP2L
  D:00E5H         SYMBOL        RCAP4H
  D:00E4H         SYMBOL        RCAP4L
  B:00C8H.5       SYMBOL        RCLK0
  D:00D1H         SYMBOL        REF0CN
  B:0098H.4       SYMBOL        REN0
  B:0098H.0       SYMBOL        RI0
  B:00D0H.3       SYMBOL        RS0
  B:00D0H.4       SYMBOL        RS1
  D:00EFH         SYMBOL        RSTSRC
  B:00F8H.4       SYMBOL        RXOVRN
  D:00A9H         SYMBOL        SADDR0
  D:00F3H         SYMBOL        SADDR1
  D:00B9H         SYMBOL        SADEN0
  D:00AEH         SYMBOL        SADEN1
  D:0099H         SYMBOL        SBUF0
  D:00F2H         SYMBOL        SBUF1
  D:0098H         SYMBOL        SCON0
  D:00F1H         SYMBOL        SCON1
  B:00C0H.3       SYMBOL        SI
  B:00F8H.2       SYMBOL        SLVSEL
  B:0098H.7       SYMBOL        SM00
  B:0098H.6       SYMBOL        SM10
  B:0098H.5       SYMBOL        SM20
  D:00C3H         SYMBOL        SMB0ADR
  D:00C0H         SYMBOL        SMB0CN
  D:00CFH         SYMBOL        SMB0CR
  D:00C2H         SYMBOL        SMB0DAT
  D:00C1H         SYMBOL        SMB0STA
  B:00C0H.1       SYMBOL        SMBFTE
  B:00C0H.0       SYMBOL        SMBTOE
  D:0081H         SYMBOL        SP
  D:009AH         SYMBOL        SPI0CFG
  D:009DH         SYMBOL        SPI0CKR
  D:00F8H         SYMBOL        SPI0CN
  D:009BH         SYMBOL        SPI0DAT
  B:00F8H.0       SYMBOL        SPIEN
  B:00F8H.7       SYMBOL        SPIF
  B:00C0H.5       SYMBOL        STA
  D:0041H         SYMBOL        STATE?1050
  D:0044H         SYMBOL        STATE?543
  B:00C0H.4       SYMBOL        STO
BL51 BANKED LINKER/LOCATER V6.22.4.0                                                  12/22/2023  09:21:58  PAGE 59


  D:00C8H         SYMBOL        T2CON
  D:00C9H         SYMBOL        T4CON
  B:0098H.3       SYMBOL        TB80
  B:00C8H.4       SYMBOL        TCLK0
  D:0088H         SYMBOL        TCON
  B:0020H.1       SYMBOL        TEMP?542
  B:0088H.5       SYMBOL        TF0
  B:0088H.7       SYMBOL        TF1
  B:00C8H.7       SYMBOL        TF2
  D:008CH         SYMBOL        TH0
  D:008DH         SYMBOL        TH1
  D:00CDH         SYMBOL        TH2
  D:00F5H         SYMBOL        TH4
  B:0098H.1       SYMBOL        TI0
  D:008AH         SYMBOL        TL0
  D:008BH         SYMBOL        TL1
  D:00CCH         SYMBOL        TL2
  D:00F4H         SYMBOL        TL4
  D:0089H         SYMBOL        TMOD
  D:0091H         SYMBOL        TMR3CN
  D:0095H         SYMBOL        TMR3H
  D:0094H         SYMBOL        TMR3L
  D:0093H         SYMBOL        TMR3RLH
  D:0092H         SYMBOL        TMR3RLL
  B:0088H.4       SYMBOL        TR0
  B:0088H.6       SYMBOL        TR1
  B:00C8H.2       SYMBOL        TR2
  B:00F8H.3       SYMBOL        TXBSY
  B:00F8H.6       SYMBOL        WCOL
  D:00FFH         SYMBOL        WDTCN
  D:00E1H         SYMBOL        XBR0
  D:00E2H         SYMBOL        XBR1
  D:00E3H         SYMBOL        XBR2
  C:2650H         LINE#         391
  C:2651H         LINE#         392
  C:2652H         LINE#         400
  C:2654H         LINE#         401
  C:2655H         LINE#         402
  C:2657H         LINE#         403
  C:2658H         LINE#         404
  C:265AH         LINE#         405
  C:265CH         LINE#         406
  C:265DH         LINE#         407
  C:265EH         LINE#         408
  C:2660H         LINE#         409
  C:2661H         LINE#         410
  C:2663H         LINE#         411
  C:2664H         LINE#         412
  C:2666H         LINE#         413
  C:2668H         LINE#         414
  C:2669H         LINE#         415
  C:266CH         LINE#         424
  C:266DH         LINE#         425
  C:2670H         LINE#         429
  C:2673H         LINE#         434
  C:2674H         LINE#         435
  C:2675H         LINE#         444
BL51 BANKED LINKER/LOCATER V6.22.4.0                                                  12/22/2023  09:21:58  PAGE 60


  C:2676H         LINE#         450
  C:27C8H         LINE#         463
  C:27CBH         LINE#         466
  C:27CEH         LINE#         480
  C:27D1H         LINE#         483
  C:27D4H         LINE#         497
  C:27D7H         LINE#         500
  C:27DAH         LINE#         514
  C:27DDH         LINE#         517
  C:219EH         LINE#         532
  C:219FH         LINE#         533
  C:21A1H         LINE#         536
  C:21A4H         LINE#         539
  C:21A7H         LINE#         542
  C:21AAH         LINE#         543
  C:21ABH         LINE#         544
  C:21ACH         LINE#         545
  C:21AEH         LINE#         548
  C:21B1H         LINE#         553
  C:21B2H         LINE#         554
  C:21B3H         LINE#         560
  C:21B6H         LINE#         561
  C:21B8H         LINE#         564
  C:21BBH         LINE#         569
  C:21BEH         LINE#         570
  C:21C0H         LINE#         573
  C:21C3H         LINE#         580
  C:21C5H         LINE#         586
  C:21C7H         LINE#         587
  C:21C8H         LINE#         596
  C:21CBH         LINE#         597
  C:21CDH         LINE#         600
  C:21D0H         LINE#         606
  C:21D3H         LINE#         609
  C:21D5H         LINE#         610
  C:21D6H         LINE#         616
  C:21D8H         LINE#         622
  C:211DH         LINE#         637
  C:211EH         LINE#         638
  C:211FH         LINE#         641
  C:2122H         LINE#         644
  C:2125H         LINE#         647
  C:2128H         LINE#         648
  C:2129H         LINE#         649
  C:212AH         LINE#         650
  C:212BH         LINE#         653
  C:212EH         LINE#         658
  C:212FH         LINE#         659
  C:2130H         LINE#         665
  C:2133H         LINE#         666
  C:2135H         LINE#         669
  C:2138H         LINE#         674
  C:213BH         LINE#         679
  C:213EH         LINE#         680
  C:213FH         LINE#         681
  C:2140H         LINE#         682
  C:2141H         LINE#         685
BL51 BANKED LINKER/LOCATER V6.22.4.0                                                  12/22/2023  09:21:58  PAGE 61


  C:2144H         LINE#         690
  C:2145H         LINE#         691
  C:2146H         LINE#         700
  C:2148H         LINE#         701
  C:2149H         LINE#         712
  C:214CH         LINE#         713
  C:214DH         LINE#         714
  C:214EH         LINE#         715
  C:214FH         LINE#         718
  C:2152H         LINE#         723
  C:2153H         LINE#         724
  C:2154H         LINE#         733
  C:2156H         LINE#         734
  C:2157H         LINE#         747
  C:215AH         LINE#         748
  C:215BH         LINE#         749
  C:215CH         LINE#         752
  C:215DH         LINE#         758
  C:25D8H         LINE#         772
  C:25DBH         LINE#         780
  C:25DEH         LINE#         784
  C:25E1H         LINE#         785
  C:25E3H         LINE#         786
  C:25E5H         LINE#         788
  C:25E7H         LINE#         790
  C:25E8H         LINE#         791
  C:25EAH         LINE#         792
  C:25ECH         LINE#         793
  C:25EEH         LINE#         795
  C:25F0H         LINE#         797
  C:25F1H         LINE#         798
  C:25F2H         LINE#         799
  C:25F3H         LINE#         800
  C:25F6H         LINE#         801
  C:25F8H         LINE#         802
  C:25FAH         LINE#         804
  C:25FCH         LINE#         806
  C:25FDH         LINE#         807
  C:25FEH         LINE#         808
  C:2600H         LINE#         822
  C:246EH         LINE#         836
  C:2471H         LINE#         844
  C:2474H         LINE#         848
  C:2477H         LINE#         849
  C:2479H         LINE#         850
  C:247BH         LINE#         852
  C:247DH         LINE#         854
  C:247EH         LINE#         855
  C:2480H         LINE#         856
  C:2482H         LINE#         857
  C:2484H         LINE#         859
  C:2486H         LINE#         861
  C:2487H         LINE#         862
  C:2488H         LINE#         863
  C:2489H         LINE#         864
  C:248CH         LINE#         865
  C:248EH         LINE#         866
BL51 BANKED LINKER/LOCATER V6.22.4.0                                                  12/22/2023  09:21:58  PAGE 62


  C:2490H         LINE#         868
  C:2492H         LINE#         870
  C:2493H         LINE#         871
  C:2494H         LINE#         872
  C:2495H         LINE#         873
  C:2498H         LINE#         874
  C:249AH         LINE#         875
  C:249CH         LINE#         877
  C:249EH         LINE#         879
  C:249FH         LINE#         880
  C:24A0H         LINE#         881
  C:24A2H         LINE#         895
  C:27E0H         LINE#         908
  C:27E3H         LINE#         911
  C:207DH         LINE#         925
  C:207EH         LINE#         926
  C:2080H         LINE#         935
  C:2081H         LINE#         936
  C:2083H         LINE#         942
  C:2085H         LINE#         943
  C:2087H         LINE#         944
  C:2089H         LINE#         945
  C:208AH         LINE#         946
  C:208CH         LINE#         947
  C:208EH         LINE#         948
  C:208FH         LINE#         949
  C:2091H         LINE#         952
  C:2093H         LINE#         953
  C:2095H         LINE#         954
  C:2097H         LINE#         955
  C:2099H         LINE#         956
  C:209AH         LINE#         957
  C:209CH         LINE#         958
  C:209EH         LINE#         959
  C:209FH         LINE#         960
  C:20A1H         LINE#         961
  C:20A2H         LINE#         962
  C:20A3H         LINE#         963
  C:20A5H         LINE#         966
  C:20A8H         LINE#         967
  C:20AAH         LINE#         975
  C:20ACH         LINE#         976
  C:20AFH         LINE#         977
  C:20B0H         LINE#         978
  C:20B2H         LINE#         980
  C:20B3H         LINE#         982
  C:20B5H         LINE#         983
  C:20B8H         LINE#         984
  C:20BAH         LINE#         987
  C:20BCH         LINE#         988
  C:20BEH         LINE#         989
  C:20C0H         LINE#         997
  C:20C2H         LINE#         998
  C:20C4H         LINE#         1007
  C:20C6H         LINE#         1008
  C:20C8H         LINE#         1009
  C:20C9H         LINE#         1010
BL51 BANKED LINKER/LOCATER V6.22.4.0                                                  12/22/2023  09:21:58  PAGE 63


  C:20CBH         LINE#         1011
  C:20CDH         LINE#         1012
  C:20CFH         LINE#         1018
  C:26BEH         LINE#         1035
  C:26C1H         LINE#         1038
  C:26C4H         LINE#         1039
  C:26C6H         LINE#         1047
  C:26C9H         LINE#         1050
  C:26CCH         LINE#         1051
  C:26CEH         LINE#         1059
  C:26D1H         LINE#         1067
  C:26D4H         LINE#         1068
  C:26D6H         LINE#         1076
  C:26D9H         LINE#         1077
  C:26DCH         LINE#         1090
  C:24A3H         LINE#         1108
  C:24A6H         LINE#         1109
  C:24A8H         LINE#         1110
  C:24AAH         LINE#         1111
  C:24ADH         LINE#         1112
  C:24AEH         LINE#         1113
  C:24AFH         LINE#         1114
  C:24B1H         LINE#         1117
  C:24B4H         LINE#         1118
  C:24B6H         LINE#         1119
  C:24B8H         LINE#         1120
  C:24BBH         LINE#         1121
  C:24BDH         LINE#         1122
  C:24C0H         LINE#         1123
  C:24C1H         LINE#         1124
  C:24C3H         LINE#         1125
  C:24C4H         LINE#         1126
  C:24C6H         LINE#         1127
  C:24C7H         LINE#         1128
  C:24C8H         LINE#         1129
  C:24CAH         LINE#         1132
  C:24CDH         LINE#         1133
  C:24CFH         LINE#         1141
  C:24D2H         LINE#         1142
  C:24D5H         LINE#         1153
  C:27EBH         LINE#         1166
  C:269BH         LINE#         1186
  C:269EH         LINE#         1190
  C:269FH         LINE#         1191
  C:26A1H         LINE#         1192
  C:26A3H         LINE#         1201
  C:26A4H         LINE#         1202
  C:26A5H         LINE#         1203
  C:26A7H         LINE#         1204
  C:26A8H         LINE#         1205
  C:26AAH         LINE#         1206
  C:26ACH         LINE#         1207
  C:26AEH         LINE#         1215
  C:26B1H         LINE#         1218
  C:26B3H         LINE#         1224
  C:26B6H         LINE#         1227
  C:26B8H         LINE#         1233
BL51 BANKED LINKER/LOCATER V6.22.4.0                                                  12/22/2023  09:21:58  PAGE 64


  C:26BBH         LINE#         1236
  C:26BDH         LINE#         1248
  C:26DDH         LINE#         1262
  C:26E0H         LINE#         1270
  C:26E3H         LINE#         1274
  C:26E4H         LINE#         1275
  C:26E6H         LINE#         1276
  C:26E8H         LINE#         1285
  C:26E9H         LINE#         1286
  C:26EAH         LINE#         1287
  C:26ECH         LINE#         1288
  C:26EDH         LINE#         1289
  C:26EFH         LINE#         1297
  C:26F2H         LINE#         1300
  C:26F4H         LINE#         1306
  C:26F7H         LINE#         1309
  C:26F9H         LINE#         1321
  -------         ENDMOD        GUESSING_GAME

  -------         MODULE        PICTURE
  C:000EH         SEGMENT       ?CO?PICTURE
  C:0C0EH         PUBLIC        CSYX
  C:080EH         PUBLIC        HUST
  C:040EH         PUBLIC        SFT
  C:100EH         PUBLIC        XXDJ
  C:000EH         PUBLIC        ZHU
  N:0000H         SYMBOL        PICTURE
  -------         ENDMOD        PICTURE

  -------         MODULE        ?C?COPY
  C:179AH         PUBLIC        ?C?COPY
  -------         ENDMOD        ?C?COPY

  -------         MODULE        ?C?CLDPTR
  C:17ECH         PUBLIC        ?C?CLDPTR
  -------         ENDMOD        ?C?CLDPTR

  -------         MODULE        ?C?SIDIV
  C:180AH         PUBLIC        ?C?SIDIV
  -------         ENDMOD        ?C?SIDIV

  -------         MODULE        ?C?LMUL
  C:1840H         PUBLIC        ?C?LMUL
  -------         ENDMOD        ?C?LMUL

  -------         MODULE        ?C?ULCMP
  C:188FH         PUBLIC        ?C?ULCMP
  -------         ENDMOD        ?C?ULCMP

  -------         MODULE        ?C?CCASE
  C:18A0H         PUBLIC        ?C?CCASE
  -------         ENDMOD        ?C?CCASE

  -------         MODULE        RAND
  D:002BH         PUBLIC        ?SRAND?BYTE
  C:20D0H         PUBLIC        RAND
  C:2112H         PUBLIC        _SRAND
BL51 BANKED LINKER/LOCATER V6.22.4.0                                                  12/22/2023  09:21:58  PAGE 65


  -------         ENDMOD        RAND

  -------         MODULE        ?C?CSTPTR
  C:18C6H         PUBLIC        ?C?CSTPTR
  -------         ENDMOD        ?C?CSTPTR

  -------         MODULE        ?C?UIDIV
  C:18DDH         PUBLIC        ?C?UIDIV
  -------         ENDMOD        ?C?UIDIV

*** WARNING L1: UNRESOLVED EXTERNAL SYMBOL
    SYMBOL:  ?C?CLDXPTR
    MODULE:  C:\Keil_v5\C51\LIB\C51BS.LIB (?C?CLDPTR)

*** WARNING L2: REFERENCE MADE TO UNRESOLVED EXTERNAL
    SYMBOL:  ?C?CLDXPTR
    MODULE:  C:\Keil_v5\C51\LIB\C51BS.LIB (?C?CLDPTR)
    ADDRESS: 1808H

*** WARNING L1: UNRESOLVED EXTERNAL SYMBOL
    SYMBOL:  ?C?CSTXPTR
    MODULE:  C:\Keil_v5\C51\LIB\C51BS.LIB (?C?CSTPTR)

*** WARNING L2: REFERENCE MADE TO UNRESOLVED EXTERNAL
    SYMBOL:  ?C?CSTXPTR
    MODULE:  C:\Keil_v5\C51\LIB\C51BS.LIB (?C?CSTPTR)
    ADDRESS: 18DBH

Program Size: data=70.0 xdata=158 code=10221
LINK/LOCATE RUN COMPLETE.  4 WARNING(S),  0 ERROR(S)
